Component: ARM Compiler 5.06 update 6 (build 750) Tool: armlink [4d35ed]

==============================================================================

Section Cross References

    gd32f4xx_it.o(i.SDIO_IRQHandler) refers to sdio_sdcard.o(i.sd_interrupts_process) for sd_interrupts_process
    gd32f4xx_it.o(i.SysTick_Handler) refers to systick.o(i.delay_decrement) for delay_decrement
    gd32f4xx_it.o(i.USART0_IRQHandler) refers to gd32f4xx_usart.o(i.usart_interrupt_flag_get) for usart_interrupt_flag_get
    gd32f4xx_it.o(i.USART0_IRQHandler) refers to gd32f4xx_usart.o(i.usart_data_receive) for usart_data_receive
    gd32f4xx_it.o(i.USART0_IRQHandler) refers to gd32f4xx_dma.o(i.dma_transfer_number_get) for dma_transfer_number_get
    gd32f4xx_it.o(i.USART0_IRQHandler) refers to rt_memcpy_v6.o(.text) for __aeabi_memcpy
    gd32f4xx_it.o(i.USART0_IRQHandler) refers to rt_memclr.o(.text) for __aeabi_memclr
    gd32f4xx_it.o(i.USART0_IRQHandler) refers to gd32f4xx_dma.o(i.dma_channel_disable) for dma_channel_disable
    gd32f4xx_it.o(i.USART0_IRQHandler) refers to gd32f4xx_dma.o(i.dma_flag_clear) for dma_flag_clear
    gd32f4xx_it.o(i.USART0_IRQHandler) refers to gd32f4xx_dma.o(i.dma_transfer_number_config) for dma_transfer_number_config
    gd32f4xx_it.o(i.USART0_IRQHandler) refers to gd32f4xx_dma.o(i.dma_channel_enable) for dma_channel_enable
    gd32f4xx_it.o(i.USART0_IRQHandler) refers to mcu_cmic_gd32f470vet6.o(.bss) for rxbuffer
    gd32f4xx_it.o(i.USART0_IRQHandler) refers to usart_app.o(.bss) for uart_dma_buffer
    gd32f4xx_it.o(i.USART0_IRQHandler) refers to usart_app.o(.data) for rx_flag
    main.o(.rev16_text) refers (Special) to systick_wrapper_ual.o(.text) for __ensure_systick_wrapper
    main.o(.revsh_text) refers (Special) to systick_wrapper_ual.o(.text) for __ensure_systick_wrapper
    main.o(.rrx_text) refers (Special) to systick_wrapper_ual.o(.text) for __ensure_systick_wrapper
    main.o(i.fputc) refers (Special) to systick_wrapper_ual.o(.text) for __ensure_systick_wrapper
    main.o(i.fputc) refers to gd32f4xx_usart.o(i.usart_data_transmit) for usart_data_transmit
    main.o(i.fputc) refers to gd32f4xx_usart.o(i.usart_flag_get) for usart_flag_get
    main.o(i.main) refers (Special) to systick_wrapper_ual.o(.text) for __ensure_systick_wrapper
    main.o(i.main) refers to systick.o(i.systick_config) for systick_config
    main.o(i.main) refers to perf_counter.o(i.init_cycle_counter) for init_cycle_counter
    main.o(i.main) refers to perf_counter.o(i.delay_ms) for delay_ms
    main.o(i.main) refers to system_gd32f4xx.o(i.gd32f4xx_firmware_version_get) for gd32f4xx_firmware_version_get
    main.o(i.main) refers to mcu_cmic_gd32f470vet6.o(i.bsp_led_init) for bsp_led_init
    main.o(i.main) refers to mcu_cmic_gd32f470vet6.o(i.bsp_btn_init) for bsp_btn_init
    main.o(i.main) refers to mcu_cmic_gd32f470vet6.o(i.bsp_oled_init) for bsp_oled_init
    main.o(i.main) refers to mcu_cmic_gd32f470vet6.o(i.bsp_gd25qxx_init) for bsp_gd25qxx_init
    main.o(i.main) refers to mcu_cmic_gd32f470vet6.o(i.bsp_usart_init) for bsp_usart_init
    main.o(i.main) refers to mcu_cmic_gd32f470vet6.o(i.bsp_adc_init) for bsp_adc_init
    main.o(i.main) refers to mcu_cmic_gd32f470vet6.o(i.bsp_dac_init) for bsp_dac_init
    main.o(i.main) refers to mcu_cmic_gd32f470vet6.o(i.bsp_rtc_init) for bsp_rtc_init
    main.o(i.main) refers to sd_app.o(i.sd_fatfs_init) for sd_fatfs_init
    main.o(i.main) refers to data_memory.o(i.log_init) for log_init
    main.o(i.main) refers to btn_app.o(i.app_btn_init) for app_btn_init
    main.o(i.main) refers to oled.o(i.OLED_Init) for OLED_Init
    main.o(i.main) refers to system_function.o(i.flash_device_id_set) for flash_device_id_set
    main.o(i.main) refers to gd25qxx.o(i.test_spi_flash) for test_spi_flash
    main.o(i.main) refers to system_function.o(i.system_init) for system_init
    main.o(i.main) refers to scheduler.o(i.scheduler_init) for scheduler_init
    main.o(i.main) refers to scheduler.o(i.scheduler_run) for scheduler_run
    systick.o(i.delay_1ms) refers to systick.o(.data) for .data
    systick.o(i.delay_decrement) refers to systick.o(.data) for .data
    systick.o(i.systick_config) refers to systick.o(i.__NVIC_SetPriority) for __NVIC_SetPriority
    systick.o(i.systick_config) refers to system_gd32f4xx.o(.data) for SystemCoreClock
    mcu_cmic_gd32f470vet6.o(.rev16_text) refers (Special) to systick_wrapper_ual.o(.text) for __ensure_systick_wrapper
    mcu_cmic_gd32f470vet6.o(.revsh_text) refers (Special) to systick_wrapper_ual.o(.text) for __ensure_systick_wrapper
    mcu_cmic_gd32f470vet6.o(.rrx_text) refers (Special) to systick_wrapper_ual.o(.text) for __ensure_systick_wrapper
    mcu_cmic_gd32f470vet6.o(i.bsp_adc_init) refers (Special) to systick_wrapper_ual.o(.text) for __ensure_systick_wrapper
    mcu_cmic_gd32f470vet6.o(i.bsp_adc_init) refers to gd32f4xx_rcu.o(i.rcu_periph_clock_enable) for rcu_periph_clock_enable
[...]
    save_sample_data                         0x080097cd   Thumb Code   148  data_memory.o(i.save_sample_data)
    scheduler_init                           0x0800991d   Thumb Code     8  scheduler.o(i.scheduler_init)
    scheduler_run                            0x08009929   Thumb Code    56  scheduler.o(i.scheduler_run)
    sd_block_read                            0x08009965   Thumb Code   464  sdio_sdcard.o(i.sd_block_read)
    sd_block_write                           0x08009b45   Thumb Code   634  sdio_sdcard.o(i.sd_block_write)
    sd_bus_mode_config                       0x08009dd1   Thumb Code   130  sdio_sdcard.o(i.sd_bus_mode_config)
    sd_card_capacity_get                     0x08009f25   Thumb Code   100  sdio_sdcard.o(i.sd_card_capacity_get)
    sd_card_information_get                  0x08009f91   Thumb Code   504  sdio_sdcard.o(i.sd_card_information_get)
    sd_card_init                             0x0800a191   Thumb Code   234  sdio_sdcard.o(i.sd_card_init)
    sd_card_select_deselect                  0x0800a285   Thumb Code    32  sdio_sdcard.o(i.sd_card_select_deselect)
    sd_cardstatus_get                        0x0800a34d   Thumb Code    64  sdio_sdcard.o(i.sd_cardstatus_get)
    sd_fatfs_init                            0x0800a3a5   Thumb Code    10  sd_app.o(i.sd_fatfs_init)
    sd_init                                  0x0800a3af   Thumb Code    62  sdio_sdcard.o(i.sd_init)
    sd_interrupts_process                    0x0800a3ed   Thumb Code   226  sdio_sdcard.o(i.sd_interrupts_process)
    sd_multiblocks_read                      0x0800a4d5   Thumb Code   572  sdio_sdcard.o(i.sd_multiblocks_read)
    sd_multiblocks_write                     0x0800a721   Thumb Code   734  sdio_sdcard.o(i.sd_multiblocks_write)
    sd_power_on                              0x0800aa11   Thumb Code   270  sdio_sdcard.o(i.sd_power_on)
    sd_transfer_mode_config                  0x0800ac7d   Thumb Code    22  sdio_sdcard.o(i.sd_transfer_mode_config)
    sd_transfer_stop                         0x0800ac99   Thumb Code    32  sdio_sdcard.o(i.sd_transfer_stop)
    sdio_bus_mode_set                        0x0800acb9   Thumb Code    18  gd32f4xx_sdio.o(i.sdio_bus_mode_set)
    sdio_clock_config                        0x0800acd1   Thumb Code    36  gd32f4xx_sdio.o(i.sdio_clock_config)
    sdio_clock_enable                        0x0800acfd   Thumb Code    12  gd32f4xx_sdio.o(i.sdio_clock_enable)
    sdio_command_index_get                   0x0800ad0d   Thumb Code     8  gd32f4xx_sdio.o(i.sdio_command_index_get)
    sdio_command_response_config             0x0800ad19   Thumb Code    36  gd32f4xx_sdio.o(i.sdio_command_response_config)
    sdio_csm_enable                          0x0800ad41   Thumb Code    12  gd32f4xx_sdio.o(i.sdio_csm_enable)
    sdio_data_config                         0x0800ad51   Thumb Code    42  gd32f4xx_sdio.o(i.sdio_data_config)
    sdio_data_read                           0x0800ad81   Thumb Code     6  gd32f4xx_sdio.o(i.sdio_data_read)
    sdio_data_transfer_config                0x0800ad8d   Thumb Code    16  gd32f4xx_sdio.o(i.sdio_data_transfer_config)
    sdio_data_write                          0x0800ada1   Thumb Code     6  gd32f4xx_sdio.o(i.sdio_data_write)
    sdio_deinit                              0x0800adad   Thumb Code    22  gd32f4xx_sdio.o(i.sdio_deinit)
    sdio_dma_disable                         0x0800adc5   Thumb Code    12  gd32f4xx_sdio.o(i.sdio_dma_disable)
    sdio_dma_enable                          0x0800add5   Thumb Code    12  gd32f4xx_sdio.o(i.sdio_dma_enable)
    sdio_dsm_disable                         0x0800ade5   Thumb Code    12  gd32f4xx_sdio.o(i.sdio_dsm_disable)
    sdio_dsm_enable                          0x0800adf5   Thumb Code    12  gd32f4xx_sdio.o(i.sdio_dsm_enable)
    sdio_flag_clear                          0x0800ae05   Thumb Code     6  gd32f4xx_sdio.o(i.sdio_flag_clear)
    sdio_flag_get                            0x0800ae11   Thumb Code    16  gd32f4xx_sdio.o(i.sdio_flag_get)
    sdio_hardware_clock_disable              0x0800ae25   Thumb Code    12  gd32f4xx_sdio.o(i.sdio_hardware_clock_disable)
    sdio_interrupt_disable                   0x0800ae35   Thumb Code    10  gd32f4xx_sdio.o(i.sdio_interrupt_disable)
    sdio_interrupt_enable                    0x0800ae45   Thumb Code    10  gd32f4xx_sdio.o(i.sdio_interrupt_enable)
    sdio_interrupt_flag_clear                0x0800ae55   Thumb Code     6  gd32f4xx_sdio.o(i.sdio_interrupt_flag_clear)
    sdio_interrupt_flag_get                  0x0800ae61   Thumb Code    16  gd32f4xx_sdio.o(i.sdio_interrupt_flag_get)
    sdio_power_state_get                     0x0800ae75   Thumb Code     6  gd32f4xx_sdio.o(i.sdio_power_state_get)
    sdio_power_state_set                     0x0800ae81   Thumb Code     6  gd32f4xx_sdio.o(i.sdio_power_state_set)
    sdio_response_get                        0x0800ae8d   Thumb Code    50  gd32f4xx_sdio.o(i.sdio_response_get)
    sdio_wait_type_set                       0x0800aec5   Thumb Code    18  gd32f4xx_sdio.o(i.sdio_wait_type_set)
    spi_dma_disable                          0x0800aedd   Thumb Code    24  gd32f4xx_spi.o(i.spi_dma_disable)
    spi_dma_enable                           0x0800aef5   Thumb Code    24  gd32f4xx_spi.o(i.spi_dma_enable)
    spi_enable                               0x0800af0d   Thumb Code    10  gd32f4xx_spi.o(i.spi_enable)
    spi_flash_buffer_read                    0x0800af19   Thumb Code    84  gd25qxx.o(i.spi_flash_buffer_read)
    spi_flash_buffer_write                   0x0800af71   Thumb Code   212  gd25qxx.o(i.spi_flash_buffer_write)
    spi_flash_init                           0x0800b045   Thumb Code    22  gd25qxx.o(i.spi_flash_init)
    spi_flash_page_write                     0x0800b065   Thumb Code    90  gd25qxx.o(i.spi_flash_page_write)
    spi_flash_read_id                        0x0800b0c5   Thumb Code    70  gd25qxx.o(i.spi_flash_read_id)
    spi_flash_sector_erase                   0x0800b111   Thumb Code    66  gd25qxx.o(i.spi_flash_sector_erase)
    spi_flash_send_byte_dma                  0x0800b159   Thumb Code   212  gd25qxx.o(i.spi_flash_send_byte_dma)
    spi_flash_wait_for_write_end             0x0800b23d   Thumb Code    44  gd25qxx.o(i.spi_flash_wait_for_write_end)
    spi_flash_write_enable                   0x0800b26d   Thumb Code    34  gd25qxx.o(i.spi_flash_write_enable)
    spi_init                                 0x0800b295   Thumb Code    46  gd32f4xx_spi.o(i.spi_init)
    system_init                              0x0800b4d9   Thumb Code    64  system_function.o(i.system_init)
    system_selftest                          0x0800b561   Thumb Code   192  system_function.o(i.system_selftest)
    systick_config                           0x0800b731   Thumb Code    70  systick.o(i.systick_config)
    test_spi_flash                           0x0800b77d   Thumb Code   256  gd25qxx.o(i.test_spi_flash)
    time_config                              0x0800ba5d   Thumb Code   598  system_function.o(i.time_config)
    timer5_config                            0x0800bdd9   Thumb Code    68  mcu_cmic_gd32f470vet6.o(i.timer5_config)
    timer_deinit                             0x0800be21   Thumb Code   380  gd32f4xx_timer.o(i.timer_deinit)
    timer_enable                             0x0800bfa9   Thumb Code    10  gd32f4xx_timer.o(i.timer_enable)
    timer_init                               0x0800bfb5   Thumb Code   120  gd32f4xx_timer.o(i.timer_init)
    timer_master_output_trigger_source_select 0x0800c049   Thumb Code    16  gd32f4xx_timer.o(i.timer_master_output_trigger_source_select)
    timer_struct_para_init                   0x0800c059   Thumb Code    20  gd32f4xx_timer.o(i.timer_struct_para_init)
    uart_task                                0x0800c06d   Thumb Code    80  usart_app.o(i.uart_task)
    update_perf_counter                      0x0800c0c5   Thumb Code    78  perf_counter.o(i.update_perf_counter)
    usart_baudrate_set                       0x0800c11d   Thumb Code   176  gd32f4xx_usart.o(i.usart_baudrate_set)
    usart_data_receive                       0x0800c1d5   Thumb Code     8  gd32f4xx_usart.o(i.usart_data_receive)
    usart_data_transmit                      0x0800c1dd   Thumb Code     8  gd32f4xx_usart.o(i.usart_data_transmit)
    usart_deinit                             0x0800c1e5   Thumb Code   214  gd32f4xx_usart.o(i.usart_deinit)
    usart_dma_receive_config                 0x0800c2c5   Thumb Code    20  gd32f4xx_usart.o(i.usart_dma_receive_config)
    usart_enable                             0x0800c2d9   Thumb Code    10  gd32f4xx_usart.o(i.usart_enable)
    usart_flag_get                           0x0800c2e3   Thumb Code    26  gd32f4xx_usart.o(i.usart_flag_get)
    usart_interrupt_enable                   0x0800c2fd   Thumb Code    20  gd32f4xx_usart.o(i.usart_interrupt_enable)
    usart_interrupt_flag_get                 0x0800c311   Thumb Code    50  gd32f4xx_usart.o(i.usart_interrupt_flag_get)
    usart_receive_config                     0x0800c343   Thumb Code    12  gd32f4xx_usart.o(i.usart_receive_config)
    usart_transmit_config                    0x0800c34f   Thumb Code    12  gd32f4xx_usart.o(i.usart_transmit_config)
    _get_lc_numeric                          0x0800c591   Thumb Code    44  lc_numeric_c.o(locale$$code)
    _get_lc_ctype                            0x0800c5bd   Thumb Code    44  lc_ctype_c.o(locale$$code)
    __aeabi_d2f                              0x0800c5e9   Thumb Code     0  d2f.o(x$fpl$d2f)
    _d2f                                     0x0800c5e9   Thumb Code    98  d2f.o(x$fpl$d2f)
    __fpl_dcheck_NaN1                        0x0800c64d   Thumb Code    10  dcheck1.o(x$fpl$dcheck1)
    __fpl_dcmp_Inf                           0x0800c65d   Thumb Code    24  dcmpi.o(x$fpl$dcmpinf)
    __aeabi_cdcmpeq                          0x0800c675   Thumb Code     0  deqf.o(x$fpl$deqf)
    _dcmpeq                                  0x0800c675   Thumb Code   120  deqf.o(x$fpl$deqf)
    __aeabi_cdcmple                          0x0800c6ed   Thumb Code     0  dleqf.o(x$fpl$dleqf)
    _dcmple                                  0x0800c6ed   Thumb Code   120  dleqf.o(x$fpl$dleqf)
    __fpl_dcmple_InfNaN                      0x0800c74f   Thumb Code     0  dleqf.o(x$fpl$dleqf)
    __aeabi_dmul                             0x0800c765   Thumb Code     0  dmul.o(x$fpl$dmul)
    _dmul                                    0x0800c765   Thumb Code   332  dmul.o(x$fpl$dmul)
    __fpl_dnaninf                            0x0800c8b9   Thumb Code   156  dnaninf.o(x$fpl$dnaninf)
    __fpl_dretinf                            0x0800c955   Thumb Code    12  dretinf.o(x$fpl$dretinf)
    __aeabi_cdrcmple                         0x0800c961   Thumb Code     0  drleqf.o(x$fpl$drleqf)
    _drcmple                                 0x0800c961   Thumb Code   108  drleqf.o(x$fpl$drleqf)
    __aeabi_f2d                              0x0800c9cd   Thumb Code     0  f2d.o(x$fpl$f2d)
    _f2d                                     0x0800c9cd   Thumb Code    86  f2d.o(x$fpl$f2d)
    __fpl_fnaninf                            0x0800ca23   Thumb Code   140  fnaninf.o(x$fpl$fnaninf)
    _fp_init                                 0x0800caaf   Thumb Code    10  fpinit.o(x$fpl$fpinit)
    __fplib_config_fpu_vfp                   0x0800cab7   Thumb Code     0  fpinit.o(x$fpl$fpinit)
    __fplib_config_pureend_doubles           0x0800cab7   Thumb Code     0  fpinit.o(x$fpl$fpinit)
    __fpl_fretinf                            0x0800cab9   Thumb Code    10  fretinf.o(x$fpl$fretinf)
    __ieee_status                            0x0800cac3   Thumb Code     6  istatus.o(x$fpl$ieeestatus)
    _printf_fp_dec                           0x0800cac9   Thumb Code     4  printf1.o(x$fpl$printf1)
    _printf_fp_hex                           0x0800cacd   Thumb Code     4  printf2.o(x$fpl$printf2)
    __fpl_return_NaN                         0x0800cad1   Thumb Code   100  retnan.o(x$fpl$retnan)
    __ARM_scalbn                             0x0800cb35   Thumb Code    92  scalbn.o(x$fpl$scalbn)
    _scanf_real                              0x0800cb91   Thumb Code     4  scanf1.o(x$fpl$scanf1)
    _scanf_hex_real                          0x0800cb95   Thumb Code     4  scanf2.o(x$fpl$scanf2)
    _scanf_infnan                            0x0800cb99   Thumb Code     4  scanf2.o(x$fpl$scanf2)
    __fpl_cmpreturn                          0x0800cb9d   Thumb Code    48  trapv.o(x$fpl$trapveneer)
    F6X8                                     0x0800cbcc   Data         552  oled.o(.constdata)
    __I$use$fp                               0x0800cbcc   Number         0  usenofp.o(x$fpl$usenofp)
    Hzk                                      0x0800d3e4   Data         128  oled.o(.constdata)
    Hzb                                      0x0800d464   Data         512  oled.o(.constdata)
    Region$$Table$$Base                      0x0800d918   Number         0  anon$$obj.o(Region$$Table)
    Region$$Table$$Limit                     0x0800d938   Number         0  anon$$obj.o(Region$$Table)
    __aeabi_HUGE_VAL                         0x0800d938   Data           0  fpconst.o(c$$dinf)
    __aeabi_HUGE_VALL                        0x0800d938   Data           0  fpconst.o(c$$dinf)
    __aeabi_INFINITY                         0x0800d938   Data           0  fpconst.o(c$$dinf)
    __dInf                                   0x0800d938   Data           0  fpconst.o(c$$dinf)
    __huge_val                               0x0800d938   Data           0  fpconst.o(c$$dinf)
    __dbl_max                                0x0800d940   Data           0  fpconst.o(c$$dmax)
    __ctype                                  0x0800d971   Data           0  lc_ctype_c.o(locale$$data)
    SHT$$INIT_ARRAY$$Base                    0x0800da74   Number         0  perf_counter.o(.init_array)
    SHT$$INIT_ARRAY$$Limit                   0x0800da78   Number         0  init_aeabi.o(.init_array)
    oled_cmd_buf                             0x20000004   Data           2  mcu_cmic_gd32f470vet6.o(.data)
    oled_data_buf                            0x20000008   Data           2  mcu_cmic_gd32f470vet6.o(.data)
    convertarr                               0x2000000a   Data           2  mcu_cmic_gd32f470vet6.o(.data)
    adc_value                                0x2000000c   Data           2  mcu_cmic_gd32f470vet6.o(.data)
    prescaler_a                              0x20000010   Data           4  mcu_cmic_gd32f470vet6.o(.data)
    prescaler_s                              0x20000014   Data           4  mcu_cmic_gd32f470vet6.o(.data)
    RTCSRC_FLAG                              0x20000018   Data           4  mcu_cmic_gd32f470vet6.o(.data)
    initcmd1                                 0x2000001c   Data          22  oled.o(.data)
    sd_scr                                   0x2000004c   Data           8  sdio_sdcard.o(.data)
    SystemCoreClock                          0x2000005c   Data           4  system_gd32f4xx.o(.data)
    ucLed                                    0x20000125   Data           6  led_app.o(.data)
    task_num                                 0x2000012c   Data           1  scheduler.o(.data)
    rx_flag                                  0x20000178   Data           1  usart_app.o(.data)
    tx_count                                 0x2000017a   Data           2  usart_app.o(.data)
    g_ratio_value                            0x2000017c   Data           4  config_manager.o(.data)
    g_limit_value                            0x20000180   Data           4  config_manager.o(.data)
    sampling_flag                            0x20000184   Data           1  sampling_control.o(.data)
    sampling_cycle                           0x20000185   Data           1  sampling_control.o(.data)
    sampling_tick                            0x20000188   Data           4  sampling_control.o(.data)
    led_tick                                 0x2000018c   Data           4  sampling_control.o(.data)
    g_hide_mode                              0x20000190   Data           1  data_dispose.o(.data)
    g_sample_record_count                    0x20000196   Data           1  data_memory.o(.data)
    g_overlimit_record_count                 0x20000197   Data           1  data_memory.o(.data)
    g_hidedata_record_count                  0x20000198   Data           1  data_memory.o(.data)
    g_nOffset                                0x200001b8   Data           4  perf_counter.o(.data)
    g_lLastTimeStamp                         0x200001d8   Data           8  perf_counter.o(.data)
    spi1_send_array                          0x200001f8   Data          12  mcu_cmic_gd32f470vet6.o(.bss)
    spi1_receive_array                       0x20000204   Data          12  mcu_cmic_gd32f470vet6.o(.bss)
    rxbuffer                                 0x20000210   Data         512  mcu_cmic_gd32f470vet6.o(.bss)
    rtc_initpara                             0x20000410   Data          20  mcu_cmic_gd32f470vet6.o(.bss)
    uart_dma_buffer                          0x20000480   Data         512  usart_app.o(.bss)
    __libspace_start                         0x20001370   Data          96  libspace.o(.bss)
    __temporary_stack_top$libspace           0x200013d0   Data           0  libspace.o(.bss)



==============================================================================

Memory Map of the image

  Image Entry point : 0x080001ad

  Load Region LR_IROM1 (Base: 0x08000000, Size: 0x0000dc70, Max: 0x00080000, ABSOLUTE, COMPRESSED[0x0000daf4])

    Execution Region ER_IROM1 (Exec base: 0x08000000, Load base: 0x08000000, Size: 0x0000da78, Max: 0x00080000, ABSOLUTE)

    Exec Addr    Load Addr    Size         Type   Attr      Idx    E Section Name        Object

    0x08000000   0x08000000   0x000001ac   Data   RO         7056    RESET               startup_gd32f450_470.o
    0x080001ac   0x080001ac   0x00000008   Code   RO         8321  * !!!main             c_w.l(__main.o)
    0x080001b4   0x080001b4   0x00000034   Code   RO         8729    !!!scatter          c_w.l(__scatter.o)
    0x080001e8   0x080001e8   0x0000005a   Code   RO         8727    !!dczerorl2         c_w.l(__dczerorl2.o)
    0x08000242   0x08000242   0x00000002   PAD
    0x08000244   0x08000244   0x0000001c   Code   RO         8731    !!handler_zi        c_w.l(__scatter_zi.o)
    0x08000260   0x08000260   0x00000000   Code   RO         8288    .ARM.Collect$$_printf_percent$$00000000  c_w.l(_printf_percent.o)
    0x08000260   0x08000260   0x00000006   Code   RO         8366    .ARM.Collect$$_printf_percent$$00000001  c_w.l(_printf_n.o)
    0x08000266   0x08000266   0x00000006   Code   RO         8367    .ARM.Collect$$_printf_percent$$00000002  c_w.l(_printf_p.o)
    0x0800026c   0x0800026c   0x00000006   Code   RO         8287    .ARM.Collect$$_printf_percent$$00000003  c_w.l(_printf_f.o)
    0x08000272   0x08000272   0x00000006   Code   RO         8370    .ARM.Collect$$_printf_percent$$00000004  c_w.l(_printf_e.o)
    0x08000278   0x08000278   0x00000006   Code   RO         8371    .ARM.Collect$$_printf_percent$$00000005  c_w.l(_printf_g.o)
    0x0800027e   0x0800027e   0x00000006   Code   RO         8372    .ARM.Collect$$_printf_percent$$00000006  c_w.l(_printf_a.o)
    0x08000284   0x08000284   0x0000000a   Code   RO         8377    .ARM.Collect$$_printf_percent$$00000007  c_w.l(_printf_ll.o)
    0x0800028e   0x0800028e   0x00000006   Code   RO         8369    .ARM.Collect$$_printf_percent$$00000008  c_w.l(_printf_i.o)
    0x08000294   0x08000294   0x00000006   Code   RO         8285    .ARM.Collect$$_printf_percent$$00000009  c_w.l(_printf_d.o)
    0x0800029a   0x0800029a   0x00000006   Code   RO         8286    .ARM.Collect$$_printf_percent$$0000000A  c_w.l(_printf_u.o)
    0x080002a0   0x080002a0   0x00000006   Code   RO         8368    .ARM.Collect$$_printf_percent$$0000000B  c_w.l(_printf_o.o)
    0x080002a6   0x080002a6   0x00000006   Code   RO         8284    .ARM.Collect$$_printf_percent$$0000000C  c_w.l(_printf_x.o)
    0x080002ac   0x080002ac   0x00000006   Code   RO         8374    .ARM.Collect$$_printf_percent$$0000000D  c_w.l(_printf_lli.o)
    0x080002b2   0x080002b2   0x00000006   Code   RO         8375    .ARM.Collect$$_printf_percent$$0000000E  c_w.l(_printf_lld.o)
    0x080002b8   0x080002b8   0x00000006   Code   RO         8376    .ARM.Collect$$_printf_percent$$0000000F  c_w.l(_printf_llu.o)
    0x080002be   0x080002be   0x00000006   Code   RO         8381    .ARM.Collect$$_printf_percent$$00000010  c_w.l(_printf_llo.o)
    0x080002c4   0x080002c4   0x00000006   Code   RO         8382    .ARM.Collect$$_printf_percent$$00000011  c_w.l(_printf_llx.o)
    0x080002ca   0x080002ca   0x0000000a   Code   RO         8378    .ARM.Collect$$_printf_percent$$00000012  c_w.l(_printf_l.o)
    0x080002d4   0x080002d4   0x00000006   Code   RO         8365    .ARM.Collect$$_printf_percent$$00000013  c_w.l(_printf_c.o)
    0x080002da   0x080002da   0x00000006   Code   RO         8283    .ARM.Collect$$_printf_percent$$00000014  c_w.l(_printf_s.o)
    0x080002e0   0x080002e0   0x00000006   Code   RO         8379    .ARM.Collect$$_printf_percent$$00000015  c_w.l(_printf_lc.o)
    0x080002e6   0x080002e6   0x00000006   Code   RO         8380    .ARM.Collect$$_printf_percent$$00000016  c_w.l(_printf_ls.o)
    0x080002ec   0x080002ec   0x00000004   Code   RO         8373    .ARM.Collect$$_printf_percent$$00000017  c_w.l(_printf_percent_end.o)
    0x080002f0   0x080002f0   0x00000002   Code   RO         8573    .ARM.Collect$$libinit$$00000000  c_w.l(libinit.o)
    0x080002f2   0x080002f2   0x00000004   Code   RO         8391    .ARM.Collect$$libinit$$00000001  c_w.l(libinit2.o)
    0x080002f6   0x080002f6   0x00000000   Code   RO         8394    .ARM.Collect$$libinit$$00000004  c_w.l(libinit2.o)
    0x080002f6   0x080002f6   0x00000000   Code   RO         8397    .ARM.Collect$$libinit$$0000000A  c_w.l(libinit2.o)
    0x080002f6   0x080002f6   0x00000000   Code   RO         8399    .ARM.Collect$$libinit$$0000000C  c_w.l(libinit2.o)
    0x080002f6   0x080002f6   0x00000000   Code   RO         8401    .ARM.Collect$$libinit$$0000000E  c_w.l(libinit2.o)
    0x080002f6   0x080002f6   0x00000006   Code   RO         8402    .ARM.Collect$$libinit$$0000000F  c_w.l(libinit2.o)
    0x080002fc   0x080002fc   0x00000000   Code   RO         8404    .ARM.Collect$$libinit$$00000011  c_w.l(libinit2.o)
    0x080002fc   0x080002fc   0x0000000c   Code   RO         8405    .ARM.Collect$$libinit$$00000012  c_w.l(libinit2.o)
    0x08000308   0x08000308   0x00000000   Code   RO         8406    .ARM.Collect$$libinit$$00000013  c_w.l(libinit2.o)
    0x08000308   0x08000308   0x00000000   Code   RO         8408    .ARM.Collect$$libinit$$00000015  c_w.l(libinit2.o)
    0x08000308   0x08000308   0x0000000a   Code   RO         8409    .ARM.Collect$$libinit$$00000016  c_w.l(libinit2.o)
    0x08000312   0x08000312   0x00000000   Code   RO         8410    .ARM.Collect$$libinit$$00000017  c_w.l(libinit2.o)
    0x08000312   0x08000312   0x00000000   Code   RO         8412    .ARM.Collect$$libinit$$00000019  c_w.l(libinit2.o)
    0x08000312   0x08000312   0x00000000   Code   RO         8414    .ARM.Collect$$libinit$$0000001B  c_w.l(libinit2.o)
    0x08000312   0x08000312   0x00000000   Code   RO         8416    .ARM.Collect$$libinit$$0000001D  c_w.l(libinit2.o)
    0x08000312   0x08000312   0x00000000   Code   RO         8418    .ARM.Collect$$libinit$$0000001F  c_w.l(libinit2.o)
    0x08000312   0x08000312   0x00000000   Code   RO         8420    .ARM.Collect$$libinit$$00000021  c_w.l(libinit2.o)
    0x08000312   0x08000312   0x00000000   Code   RO         8422    .ARM.Collect$$libinit$$00000023  c_w.l(libinit2.o)
    0x08000312   0x08000312   0x00000000   Code   RO         8424    .ARM.Collect$$libinit$$00000025  c_w.l(libinit2.o)
    0x08000312   0x08000312   0x00000000   Code   RO         8428    .ARM.Collect$$libinit$$0000002C  c_w.l(libinit2.o)
    0x08000312   0x08000312   0x00000000   Code   RO         8430    .ARM.Collect$$libinit$$0000002E  c_w.l(libinit2.o)
    0x08000312   0x08000312   0x00000000   Code   RO         8432    .ARM.Collect$$libinit$$00000030  c_w.l(libinit2.o)
    0x08000312   0x08000312   0x00000004   Code   RO         8433    .ARM.Collect$$libinit$$00000031  c_w.l(libinit2.o)
    0x08000316   0x08000316   0x00000000   Code   RO         8434    .ARM.Collect$$libinit$$00000032  c_w.l(libinit2.o)
    0x08000316   0x08000316   0x00000002   Code   RO         8435    .ARM.Collect$$libinit$$00000033  c_w.l(libinit2.o)
    0x08000318   0x08000318   0x00000002   Code   RO         8674    .ARM.Collect$$libshutdown$$00000000  c_w.l(libshutdown.o)
    0x0800031a   0x0800031a   0x00000000   Code   RO         8692    .ARM.Collect$$libshutdown$$00000002  c_w.l(libshutdown2.o)
    0x0800031a   0x0800031a   0x00000000   Code   RO         8694    .ARM.Collect$$libshutdown$$00000004  c_w.l(libshutdown2.o)
    0x0800031a   0x0800031a   0x00000000   Code   RO         8697    .ARM.Collect$$libshutdown$$00000007  c_w.l(libshutdown2.o)
    0x0800031a   0x0800031a   0x00000000   Code   RO         8700    .ARM.Collect$$libshutdown$$0000000A  c_w.l(libshutdown2.o)
    0x0800031a   0x0800031a   0x00000000   Code   RO         8702    .ARM.Collect$$libshutdown$$0000000C  c_w.l(libshutdown2.o)
    0x0800031a   0x0800031a   0x00000000   Code   RO         8705    .ARM.Collect$$libshutdown$$0000000F  c_w.l(libshutdown2.o)
    0x0800031a   0x0800031a   0x00000002   Code   RO         8706    .ARM.Collect$$libshutdown$$00000010  c_w.l(libshutdown2.o)
    0x0800031c   0x0800031c   0x00000000   Code   RO         8335    .ARM.Collect$$rtentry$$00000000  c_w.l(__rtentry.o)
    0x0800031c   0x0800031c   0x00000000   Code   RO         8448    .ARM.Collect$$rtentry$$00000002  c_w.l(__rtentry2.o)
    0x0800031c   0x0800031c   0x00000006   Code   RO         8460    .ARM.Collect$$rtentry$$00000004  c_w.l(__rtentry4.o)
    0x08000322   0x08000322   0x00000000   Code   RO         8450    .ARM.Collect$$rtentry$$00000009  c_w.l(__rtentry2.o)
    0x08000322   0x08000322   0x00000004   Code   RO         8451    .ARM.Collect$$rtentry$$0000000A  c_w.l(__rtentry2.o)
    0x08000326   0x08000326   0x00000000   Code   RO         8453    .ARM.Collect$$rtentry$$0000000C  c_w.l(__rtentry2.o)
    0x08000326   0x08000326   0x00000008   Code   RO         8454    .ARM.Collect$$rtentry$$0000000D  c_w.l(__rtentry2.o)
    0x0800032e   0x0800032e   0x00000002   Code   RO         8588    .ARM.Collect$$rtexit$$00000000  c_w.l(rtexit.o)
    0x08000330   0x08000330   0x00000000   Code   RO         8635    .ARM.Collect$$rtexit$$00000002  c_w.l(rtexit2.o)
    0x08000330   0x08000330   0x00000004   Code   RO         8636    .ARM.Collect$$rtexit$$00000003  c_w.l(rtexit2.o)
    0x08000334   0x08000334   0x00000006   Code   RO         8637    .ARM.Collect$$rtexit$$00000004  c_w.l(rtexit2.o)
    0x0800033a   0x0800033a   0x00000002   PAD
    0x0800033c   0x0800033c   0x00000040   Code   RO         7057    .text               startup_gd32f450_470.o
    0x0800037c   0x0800037c   0x00000020   Code   RO         8220    .text               systick_wrapper_ual.o
    0x0800039c   0x0800039c   0x00000048   Code   RO         8226    .text               c_w.l(llsdiv.o)
    0x080003e4   0x080003e4   0x00000034   Code   RO         8228    .text               c_w.l(vsnprintf.o)
    0x08000418   0x08000418   0x0000002c   Code   RO         8230    .text               c_w.l(__2sprintf.o)
    0x08000444   0x08000444   0x0000004e   Code   RO         8236    .text               c_w.l(_printf_pad.o)
    0x08000492   0x08000492   0x00000052   Code   RO         8238    .text               c_w.l(_printf_str.o)
    0x080004e4   0x080004e4   0x00000078   Code   RO         8240    .text               c_w.l(_printf_dec.o)
    0x0800055c   0x0800055c   0x00000094   Code   RO         8260    .text               c_w.l(_printf_hex_int_ll_ptr.o)
    0x080005f0   0x080005f0   0x00000188   Code   RO         8280    .text               c_w.l(__printf_flags_ss_wp.o)
    0x08000778   0x08000778   0x0000003c   Code   RO         8289    .text               c_w.l(__0sscanf.o)
    0x080007b4   0x080007b4   0x0000014c   Code   RO         8291    .text               c_w.l(_scanf_int.o)
    0x08000900   0x08000900   0x00000014   Code   RO         8293    .text               c_w.l(strchr.o)
    0x08000914   0x08000914   0x00000058   Code   RO         8295    .text               c_w.l(memcmp.o)
    0x0800096c   0x0800096c   0x00000048   Code   RO         8297    .text               c_w.l(strcpy.o)
    0x080009b4   0x080009b4   0x0000003e   Code   RO         8301    .text               c_w.l(strlen.o)
    0x080009f2   0x080009f2   0x00000096   Code   RO         8303    .text               c_w.l(strncmp.o)
    0x08000a88   0x08000a88   0x00000018   Code   RO         8305    .text               c_w.l(strcat.o)
    0x08000aa0   0x08000aa0   0x0000008a   Code   RO         8307    .text               c_w.l(rt_memcpy_v6.o)
    0x08000b2a   0x08000b2a   0x00000064   Code   RO         8309    .text               c_w.l(rt_memcpy_w.o)
    0x08000b8e   0x08000b8e   0x00000044   Code   RO         8311    .text               c_w.l(rt_memclr.o)
    0x08000bd2   0x08000bd2   0x0000004e   Code   RO         8313    .text               c_w.l(rt_memclr_w.o)
    0x08000c20   0x08000c20   0x00000056   Code   RO         8315    .text               c_w.l(strncpy.o)
    0x08000c76   0x08000c76   0x00000002   PAD
    0x08000c78   0x08000c78   0x00000080   Code   RO         8317    .text               c_w.l(strcmpv7m.o)
    0x08000cf8   0x08000cf8   0x00000006   Code   RO         8319    .text               c_w.l(heapauxi.o)
    0x08000cfe   0x08000cfe   0x00000002   PAD
    0x08000d00   0x08000d00   0x00000024   Code   RO         8326    .text               c_w.l(init_aeabi.o)
    0x08000d24   0x08000d24   0x000000ee   Code   RO         8336    .text               c_w.l(lludivv7m.o)
    0x08000e12   0x08000e12   0x00000024   Code   RO         8338    .text               c_w.l(_printf_truncate.o)
    0x08000e36   0x08000e36   0x000000b2   Code   RO         8340    .text               c_w.l(_printf_intcommon.o)
    0x08000ee8   0x08000ee8   0x00000028   Code   RO         8342    .text               c_w.l(_printf_charcount.o)
    0x08000f10   0x08000f10   0x0000041e   Code   RO         8344    .text               c_w.l(_printf_fp_dec.o)
    0x0800132e   0x0800132e   0x00000002   PAD
    0x08001330   0x08001330   0x00000030   Code   RO         8346    .text               c_w.l(_printf_char_common.o)
    0x08001360   0x08001360   0x0000000a   Code   RO         8348    .text               c_w.l(_sputc.o)
    0x0800136a   0x0800136a   0x00000010   Code   RO         8350    .text               c_w.l(_snputc.o)
    0x0800137a   0x0800137a   0x0000002c   Code   RO         8352    .text               c_w.l(_printf_char.o)
    0x080013a6   0x080013a6   0x00000002   PAD
    0x080013a8   0x080013a8   0x000000bc   Code   RO         8354    .text               c_w.l(_printf_wctomb.o)
    0x08001464   0x08001464   0x0000007c   Code   RO         8357    .text               c_w.l(_printf_longlong_dec.o)
    0x080014e0   0x080014e0   0x00000070   Code   RO         8363    .text               c_w.l(_printf_oct_int_ll.o)
    0x08001550   0x08001550   0x0000001c   Code   RO         8383    .text               c_w.l(_chval.o)
    0x0800156c   0x0800156c   0x000004f8   Code   RO         8385    .text               c_w.l(scanf_fp.o)
    0x08001a64   0x08001a64   0x0000002c   Code   RO         8387    .text               c_w.l(scanf_char.o)
    0x08001a90   0x08001a90   0x00000040   Code   RO         8389    .text               c_w.l(_sgetc.o)
    0x08001ad0   0x08001ad0   0x00000008   Code   RO         8469    .text               c_w.l(rt_locale_intlibspace.o)
    0x08001ad8   0x08001ad8   0x00000008   Code   RO         8474    .text               c_w.l(rt_errno_addr_intlibspace.o)
    0x08001ae0   0x08001ae0   0x0000008a   Code   RO         8476    .text               c_w.l(lludiv10.o)
    0x08001b6a   0x08001b6a   0x00000012   Code   RO         8478    .text               c_w.l(isspace.o)
    0x08001b7c   0x08001b7c   0x000002fc   Code   RO         8480    .text               c_w.l(_printf_fp_hex.o)
    0x08001e78   0x08001e78   0x00000080   Code   RO         8483    .text               c_w.l(_printf_fp_infnan.o)
    0x08001ef8   0x08001ef8   0x0000002c   Code   RO         8487    .text               c_w.l(_printf_wchar.o)
    0x08001f24   0x08001f24   0x00000374   Code   RO         8489    .text               c_w.l(_scanf.o)
    0x08002298   0x08002298   0x000000e4   Code   RO         8491    .text               c_w.l(bigflt0.o)
    0x0800237c   0x0800237c   0x00000040   Code   RO         8516    .text               c_w.l(_wcrtomb.o)
    0x080023bc   0x080023bc   0x00000008   Code   RO         8547    .text               c_w.l(libspace.o)
    0x080023c4   0x080023c4   0x0000004a   Code   RO         8550    .text               c_w.l(sys_stackheap_outer.o)
    0x0800240e   0x0800240e   0x00000002   PAD
    0x08002410   0x08002410   0x00000010   Code   RO         8552    .text               c_w.l(rt_ctype_table.o)
    0x08002420   0x08002420   0x00000016   Code   RO         8556    .text               c_w.l(_rserrno.o)
    0x08002436   0x08002436   0x00000002   PAD
    0x08002438   0x08002438   0x00000320   Code   RO         8558    .text               c_w.l(scanf_hexfp.o)
    0x08002758   0x08002758   0x00000134   Code   RO         8560    .text               c_w.l(scanf_infnan.o)
    0x0800288c   0x0800288c   0x00000012   Code   RO         8562    .text               c_w.l(exit.o)
    0x0800289e   0x0800289e   0x00000026   Code   RO         8592    .text               c_w.l(llshl.o)
    0x080028c4   0x080028c4   0x00000002   Code   RO         8631    .text               c_w.l(use_no_semi.o)
    0x080028c6   0x080028c6   0x00000000   Code   RO         8633    .text               c_w.l(indicate_semi.o)
    0x080028c6   0x080028c6   0x00000002   PAD
    0x080028c8   0x080028c8   0x0000000c   Code   RO         8666    .text               c_w.l(sys_exit.o)
    0x080028d4   0x080028d4   0x0000003e   Code   RO         8494    CL$$btod_d2e        c_w.l(btod.o)
    0x08002912   0x08002912   0x00000046   Code   RO         8496    CL$$btod_d2e_denorm_low  c_w.l(btod.o)
    0x08002958   0x08002958   0x00000060   Code   RO         8495    CL$$btod_d2e_norm_op1  c_w.l(btod.o)
    0x080029b8   0x080029b8   0x00000338   Code   RO         8504    CL$$btod_div_common  c_w.l(btod.o)
    0x08002cf0   0x08002cf0   0x00000084   Code   RO         8502    CL$$btod_e2d        c_w.l(btod.o)
    0x08002d74   0x08002d74   0x000000dc   Code   RO         8501    CL$$btod_e2e        c_w.l(btod.o)
    0x08002e50   0x08002e50   0x0000002a   Code   RO         8498    CL$$btod_ediv       c_w.l(btod.o)
    0x08002e7a   0x08002e7a   0x0000002a   Code   RO         8500    CL$$btod_edivd      c_w.l(btod.o)
    0x08002ea4   0x08002ea4   0x0000002a   Code   RO         8497    CL$$btod_emul       c_w.l(btod.o)
    0x08002ece   0x08002ece   0x0000002a   Code   RO         8499    CL$$btod_emuld      c_w.l(btod.o)
    0x08002ef8   0x08002ef8   0x00000244   Code   RO         8503    CL$$btod_mult_common  c_w.l(btod.o)
    0x0800313c   0x0800313c   0x00000002   Code   RO            4    i.BusFault_Handler  gd32f4xx_it.o
    0x0800313e   0x0800313e   0x00000002   Code   RO            5    i.DebugMon_Handler  gd32f4xx_it.o
    0x08003140   0x08003140   0x00000002   Code   RO            6    i.HardFault_Handler  gd32f4xx_it.o
    0x08003142   0x08003142   0x00000002   PAD
    0x08003144   0x08003144   0x00000104   Code   RO          596    i.I2C_Bus_Reset     oled.o
    0x08003248   0x08003248   0x00000002   Code   RO            7    i.MemManage_Handler  gd32f4xx_it.o
    0x0800324a   0x0800324a   0x00000002   Code   RO            8    i.NMI_Handler       gd32f4xx_it.o
    0x0800324c   0x0800324c   0x00000034   Code   RO          598    i.OLED_Clear        oled.o
    0x08003280   0x08003280   0x00000030   Code   RO          601    i.OLED_Init         oled.o
    0x080032b0   0x080032b0   0x00000022   Code   RO          603    i.OLED_Set_Position  oled.o
    0x080032d2   0x080032d2   0x00000002   PAD
    0x080032d4   0x080032d4   0x00000088   Code   RO          604    i.OLED_ShowChar     oled.o
    0x0800335c   0x0800335c   0x00000036   Code   RO          610    i.OLED_ShowStr      oled.o
    0x08003392   0x08003392   0x00000002   PAD
    0x08003394   0x08003394   0x00000114   Code   RO          611    i.OLED_Write_cmd    oled.o
    0x080034a8   0x080034a8   0x00000114   Code   RO          612    i.OLED_Write_data   oled.o
    0x080035bc   0x080035bc   0x00000002   Code   RO            9    i.PendSV_Handler    gd32f4xx_it.o
    0x080035be   0x080035be   0x00000004   Code   RO           10    i.SDIO_IRQHandler   gd32f4xx_it.o
    0x080035c2   0x080035c2   0x00000002   Code   RO           11    i.SVC_Handler       gd32f4xx_it.o
    0x080035c4   0x080035c4   0x00000004   Code   RO           12    i.SysTick_Handler   gd32f4xx_it.o
    0x080035c8   0x080035c8   0x00000124   Code   RO         7065    i.SystemInit        system_gd32f4xx.o
    0x080036ec   0x080036ec   0x0000007c   Code   RO           13    i.USART0_IRQHandler  gd32f4xx_it.o
    0x08003768   0x08003768   0x00000002   Code   RO           14    i.UsageFault_Handler  gd32f4xx_it.o
    0x0800376a   0x0800376a   0x00000030   Code   RO         8537    i.__ARM_fpclassify  m_wm.l(fpclassify.o)
    0x0800379a   0x0800379a   0x00000020   Code   RO          348    i.__NVIC_SetPriority  systick.o
    0x080037ba   0x080037ba   0x00000006   PAD
    0x080037c0   0x080037c0   0x000000f8   Code   RO         8539    i.__hardfp___mathlib_tofloat  m_wm.l(narrow.o)
    0x080038b8   0x080038b8   0x000000d0   Code   RO         8615    i.__hardfp_ldexp    m_wm.l(ldexp.o)
    0x08003988   0x08003988   0x00000020   Code   RO         8655    i.__mathlib_dbl_overflow  m_wm.l(dunder.o)
    0x080039a8   0x080039a8   0x00000020   Code   RO         8657    i.__mathlib_dbl_underflow  m_wm.l(dunder.o)
    0x080039c8   0x080039c8   0x00000012   Code   RO         8540    i.__mathlib_narrow  m_wm.l(narrow.o)
    0x080039da   0x080039da   0x00000006   Code   RO         7914    i.__perf_counter_init  perf_counter.o
    0x080039e0   0x080039e0   0x00000002   Code   RO         7915    i.__perf_os_patch_init  perf_counter.o
    0x080039e2   0x080039e2   0x00000014   Code   RO         8617    i.__support_ldexp   m_wm.l(ldexp.o)
    0x080039f6   0x080039f6   0x0000000e   Code   RO         8273    i._is_digit         c_w.l(__printf_wp.o)
    0x08003a04   0x08003a04   0x0000001c   Code   RO         7066    i._soft_delay_      system_gd32f4xx.o
    0x08003a20   0x08003a20   0x0000001e   Code   RO         1461    i.adc_calibration_enable  gd32f4xx_adc.o
    0x08003a3e   0x08003a3e   0x00000042   Code   RO         1463    i.adc_channel_length_config  gd32f4xx_adc.o
    0x08003a80   0x08003a80   0x00000018   Code   RO         1464    i.adc_clock_config  gd32f4xx_adc.o
    0x08003a98   0x08003a98   0x00000018   Code   RO         1465    i.adc_data_alignment_config  gd32f4xx_adc.o
    0x08003ab0   0x08003ab0   0x0000000a   Code   RO         1470    i.adc_dma_mode_enable  gd32f4xx_adc.o
    0x08003aba   0x08003aba   0x0000000a   Code   RO         1472    i.adc_dma_request_after_last_enable  gd32f4xx_adc.o
    0x08003ac4   0x08003ac4   0x00000010   Code   RO         1473    i.adc_enable        gd32f4xx_adc.o
    0x08003ad4   0x08003ad4   0x0000002c   Code   RO         1475    i.adc_external_trigger_config  gd32f4xx_adc.o
    0x08003b00   0x08003b00   0x00000028   Code   RO         1476    i.adc_external_trigger_source_config  gd32f4xx_adc.o
    0x08003b28   0x08003b28   0x0000007e   Code   RO         1491    i.adc_routine_channel_config  gd32f4xx_adc.o
    0x08003ba6   0x08003ba6   0x0000001c   Code   RO         1494    i.adc_software_trigger_enable  gd32f4xx_adc.o
    0x08003bc2   0x08003bc2   0x00000050   Code   RO         1495    i.adc_special_function_config  gd32f4xx_adc.o
    0x08003c12   0x08003c12   0x00000002   PAD
    0x08003c14   0x08003c14   0x00000018   Code   RO         1500    i.adc_sync_mode_config  gd32f4xx_adc.o
    0x08003c2c   0x08003c2c   0x00000014   Code   RO         7121    i.adc_task          adc_app.o
    0x08003c40   0x08003c40   0x00000024   Code   RO         7146    i.app_btn_init      btn_app.o
    0x08003c64   0x08003c64   0x00000012   Code   RO         7549    i.bcd_to_dec        data_dispose.o
    0x08003c76   0x08003c76   0x00000012   Code   RO         7595    i.bcd_to_dec        data_memory.o
    0x08003c88   0x08003c88   0x00000024   Code   RO          719    i.bit_array_and     ebtn.o
    0x08003cac   0x08003cac   0x00000024   Code   RO          720    i.bit_array_assign  ebtn.o
    0x08003cd0   0x08003cd0   0x0000000e   Code   RO          721    i.bit_array_cmp     ebtn.o
    0x08003cde   0x08003cde   0x00000012   Code   RO          722    i.bit_array_get     ebtn.o
    0x08003cf0   0x08003cf0   0x00000024   Code   RO          723    i.bit_array_or      ebtn.o
    0x08003d14   0x08003d14   0x00000104   Code   RO          395    i.bsp_adc_init      mcu_cmic_gd32f470vet6.o
    0x08003e18   0x08003e18   0x00000050   Code   RO          396    i.bsp_btn_init      mcu_cmic_gd32f470vet6.o
    0x08003e68   0x08003e68   0x000000f0   Code   RO          397    i.bsp_dac_init      mcu_cmic_gd32f470vet6.o
    0x08003f58   0x08003f58   0x00000090   Code   RO          398    i.bsp_gd25qxx_init  mcu_cmic_gd32f470vet6.o
    0x08003fe8   0x08003fe8   0x00000034   Code   RO          399    i.bsp_led_init      mcu_cmic_gd32f470vet6.o
    0x0800401c   0x0800401c   0x000000f4   Code   RO          400    i.bsp_oled_init     mcu_cmic_gd32f470vet6.o
    0x08004110   0x08004110   0x00000034   Code   RO          401    i.bsp_rtc_init      mcu_cmic_gd32f470vet6.o
    0x08004144   0x08004144   0x00000038   Code   RO          402    i.bsp_rtc_pre_cfg   mcu_cmic_gd32f470vet6.o
    0x0800417c   0x0800417c   0x00000058   Code   RO          403    i.bsp_rtc_setup     mcu_cmic_gd32f470vet6.o
    0x080041d4   0x080041d4   0x0000010c   Code   RO          404    i.bsp_usart_init    mcu_cmic_gd32f470vet6.o
    0x080042e0   0x080042e0   0x0000000e   Code   RO         7147    i.btn_task          btn_app.o
    0x080042ee   0x080042ee   0x00000002   PAD
    0x080042f0   0x080042f0   0x0000007c   Code   RO         1126    i.check_fs          ff.o
    0x0800436c   0x0800436c   0x0000002c   Code   RO         7920    i.check_systick     perf_counter.o
    0x08004398   0x08004398   0x00000010   Code   RO         1127    i.chk_chr           ff.o
    0x080043a8   0x080043a8   0x000002e8   Code   RO         1128    i.chk_mounted       ff.o
    0x08004690   0x08004690   0x00000018   Code   RO         1129    i.clust2sect        ff.o
    0x080046a8   0x080046a8   0x00000030   Code   RO          909    i.cmdsent_error_check  sdio_sdcard.o
    0x080046d8   0x080046d8   0x00000080   Code   RO         1130    i.cmp_lfn           ff.o
    0x08004758   0x08004758   0x00000270   Code   RO         7446    i.config_read       config_manager.o
    0x080049c8   0x080049c8   0x0000014c   Code   RO         7447    i.config_read_flash  config_manager.o
    0x08004b14   0x08004b14   0x00000118   Code   RO         7448    i.config_save       config_manager.o
    0x08004c2c   0x08004c2c   0x000002e8   Code   RO         7449    i.config_value_set  config_manager.o
    0x08004f14   0x08004f14   0x000000a0   Code   RO         1131    i.create_chain      ff.o
    0x08004fb4   0x08004fb4   0x00000110   Code   RO         7596    i.create_hidedata_directory  data_memory.o
    0x080050c4   0x080050c4   0x000000f8   Code   RO         7597    i.create_log_directory  data_memory.o
    0x080051bc   0x080051bc   0x00000234   Code   RO         1132    i.create_name       ff.o
    0x080053f0   0x080053f0   0x000000bc   Code   RO         7598    i.create_new_hidedata_file  data_memory.o
    0x080054ac   0x080054ac   0x000000a4   Code   RO         7599    i.create_new_log_file  data_memory.o
    0x08005550   0x08005550   0x000000c4   Code   RO         7600    i.create_new_overlimit_file  data_memory.o
    0x08005614   0x08005614   0x000000b8   Code   RO         7601    i.create_new_sample_file  data_memory.o
    0x080056cc   0x080056cc   0x0000011c   Code   RO         7602    i.create_overlimit_directory  data_memory.o
    0x080057e8   0x080057e8   0x00000108   Code   RO         7603    i.create_sample_directory  data_memory.o
    0x080058f0   0x080058f0   0x00000024   Code   RO         2140    i.dac_deinit        gd32f4xx_dac.o
    0x08005914   0x08005914   0x0000001c   Code   RO         2143    i.dac_dma_enable    gd32f4xx_dac.o
    0x08005930   0x08005930   0x0000001c   Code   RO         2144    i.dac_enable        gd32f4xx_dac.o
    0x0800594c   0x0800594c   0x0000001c   Code   RO         2158    i.dac_trigger_enable  gd32f4xx_dac.o
    0x08005968   0x08005968   0x0000002a   Code   RO         2159    i.dac_trigger_source_config  gd32f4xx_dac.o
    0x08005992   0x08005992   0x0000002a   Code   RO         2160    i.dac_wave_mode_config  gd32f4xx_dac.o
    0x080059bc   0x080059bc   0x00000010   Code   RO          349    i.delay_1ms         systick.o
    0x080059cc   0x080059cc   0x00000014   Code   RO          350    i.delay_decrement   systick.o
    0x080059e0   0x080059e0   0x00000040   Code   RO         7922    i.delay_ms          perf_counter.o
    0x08005a20   0x08005a20   0x000000bc   Code   RO         1133    i.dir_find          ff.o
    0x08005adc   0x08005adc   0x00000108   Code   RO         1134    i.dir_next          ff.o
    0x08005be4   0x08005be4   0x0000015a   Code   RO         1136    i.dir_register      ff.o
    0x08005d3e   0x08005d3e   0x0000008c   Code   RO         1138    i.dir_sdi           ff.o
    0x08005dca   0x08005dca   0x0000006c   Code   RO         1384    i.disk_initialize   diskio.o
    0x08005e36   0x08005e36   0x00000004   Code   RO         1385    i.disk_ioctl        diskio.o
    0x08005e3a   0x08005e3a   0x0000003e   Code   RO         1386    i.disk_read         diskio.o
    0x08005e78   0x08005e78   0x0000000c   Code   RO         1387    i.disk_status       diskio.o
    0x08005e84   0x08005e84   0x0000003e   Code   RO         1388    i.disk_write        diskio.o
    0x08005ec2   0x08005ec2   0x00000012   Code   RO         2529    i.dma_channel_disable  gd32f4xx_dma.o
    0x08005ed4   0x08005ed4   0x00000012   Code   RO         2530    i.dma_channel_enable  gd32f4xx_dma.o
    0x08005ee6   0x08005ee6   0x00000016   Code   RO         2531    i.dma_channel_subperipheral_select  gd32f4xx_dma.o
    0x08005efc   0x08005efc   0x00000012   Code   RO         2532    i.dma_circulation_disable  gd32f4xx_dma.o
    0x08005f0e   0x08005f0e   0x00000012   Code   RO         2533    i.dma_circulation_enable  gd32f4xx_dma.o
    0x08005f20   0x08005f20   0x00000058   Code   RO         2534    i.dma_deinit        gd32f4xx_dma.o
    0x08005f78   0x08005f78   0x00000036   Code   RO         2536    i.dma_flag_clear    gd32f4xx_dma.o
    0x08005fae   0x08005fae   0x00000042   Code   RO         2537    i.dma_flag_get      gd32f4xx_dma.o
    0x08005ff0   0x08005ff0   0x00000020   Code   RO         2538    i.dma_flow_controller_config  gd32f4xx_dma.o
    0x08006010   0x08006010   0x00000014   Code   RO         2543    i.dma_memory_address_config  gd32f4xx_dma.o
    0x08006024   0x08006024   0x0000009c   Code   RO         2547    i.dma_multi_data_mode_init  gd32f4xx_dma.o
    0x080060c0   0x080060c0   0x000000ac   Code   RO          910    i.dma_receive_config  sdio_sdcard.o
    0x0800616c   0x0800616c   0x00000090   Code   RO         2554    i.dma_single_data_mode_init  gd32f4xx_dma.o
    0x080061fc   0x080061fc   0x00000018   Code   RO         2555    i.dma_single_data_para_struct_init  gd32f4xx_dma.o
    0x08006214   0x08006214   0x000000ac   Code   RO          911    i.dma_transfer_config  sdio_sdcard.o
    0x080062c0   0x080062c0   0x0000000c   Code   RO         2559    i.dma_transfer_number_config  gd32f4xx_dma.o
    0x080062cc   0x080062cc   0x0000000c   Code   RO         2560    i.dma_transfer_number_get  gd32f4xx_dma.o
    0x080062d8   0x080062d8   0x00000054   Code   RO          734    i.ebtn_get_current_state  ebtn.o
    0x0800632c   0x0800632c   0x00000054   Code   RO          736    i.ebtn_init         ebtn.o
    0x08006380   0x08006380   0x0000001a   Code   RO          740    i.ebtn_process      ebtn.o
    0x0800639a   0x0800639a   0x00000034   Code   RO          741    i.ebtn_process_btn  ebtn.o
    0x080063ce   0x080063ce   0x000000b4   Code   RO          742    i.ebtn_process_btn_combo  ebtn.o
    0x08006482   0x08006482   0x00000002   PAD
    0x08006484   0x08006484   0x0000017c   Code   RO          743    i.ebtn_process_with_curr_state  ebtn.o
    0x08006600   0x08006600   0x0000010c   Code   RO         7604    i.ensure_sd_ready   data_memory.o
    0x0800670c   0x0800670c   0x00000014   Code   RO         1140    i.f_close           ff.o
    0x08006720   0x08006720   0x00000184   Code   RO         1143    i.f_mkdir           ff.o
    0x080068a4   0x080068a4   0x00000020   Code   RO         1144    i.f_mount           ff.o
    0x080068c4   0x080068c4   0x00000170   Code   RO         1145    i.f_open            ff.o
    0x08006a34   0x08006a34   0x00000184   Code   RO         1147    i.f_read            ff.o
    0x08006bb8   0x08006bb8   0x000000a4   Code   RO         1151    i.f_sync            ff.o
    0x08006c5c   0x08006c5c   0x000001ba   Code   RO         1155    i.f_write           ff.o
    0x08006e16   0x08006e16   0x0000000e   Code   RO         1439    i.ff_convert        unicode.o
    0x08006e24   0x08006e24   0x0000003c   Code   RO         1440    i.ff_wtoupper       unicode.o
    0x08006e60   0x08006e60   0x0000006c   Code   RO         1156    i.fit_lfn           ff.o
    0x08006ecc   0x08006ecc   0x00000118   Code   RO         7403    i.flash_device_id_set  system_function.o
    0x08006fe4   0x08006fe4   0x0000003c   Code   RO         7550    i.float_to_hex      data_dispose.o
    0x08007020   0x08007020   0x00000078   Code   RO         1157    i.follow_path       ff.o
    0x08007098   0x08007098   0x000000cc   Code   RO         7605    i.format_hidedata   data_memory.o
    0x08007164   0x08007164   0x000000d4   Code   RO         7606    i.format_overlimit_data  data_memory.o
    0x08007238   0x08007238   0x000000b0   Code   RO         7607    i.format_sample_data  data_memory.o
    0x080072e8   0x080072e8   0x0000008c   Code   RO         8582    i.frexp             m_wm.l(frexp.o)
    0x08007374   0x08007374   0x00000006   Code   RO         7067    i.gd32f4xx_firmware_version_get  system_gd32f4xx.o
    0x0800737a   0x0800737a   0x0000008a   Code   RO         1158    i.gen_numname       ff.o
    0x08007404   0x08007404   0x00000074   Code   RO         7608    i.generate_14digit_timestamp  data_memory.o
    0x08007478   0x08007478   0x000000ca   Code   RO         1159    i.get_fat           ff.o
    0x08007542   0x08007542   0x00000004   Code   RO         1389    i.get_fattime       diskio.o
    0x08007546   0x08007546   0x00000002   PAD
    0x08007548   0x08007548   0x00000054   Code   RO         7927    i.get_system_ms     perf_counter.o
    0x0800759c   0x0800759c   0x00000044   Code   RO         7928    i.get_system_ticks  perf_counter.o
    0x080075e0   0x080075e0   0x00000064   Code   RO         3972    i.gpio_af_set       gd32f4xx_gpio.o
    0x08007644   0x08007644   0x00000004   Code   RO         3973    i.gpio_bit_reset    gd32f4xx_gpio.o
    0x08007648   0x08007648   0x00000004   Code   RO         3974    i.gpio_bit_set      gd32f4xx_gpio.o
    0x0800764c   0x0800764c   0x00000078   Code   RO          912    i.gpio_config       sdio_sdcard.o
    0x080076c4   0x080076c4   0x0000000e   Code   RO         3978    i.gpio_input_bit_get  gd32f4xx_gpio.o
    0x080076d2   0x080076d2   0x00000048   Code   RO         3980    i.gpio_mode_set     gd32f4xx_gpio.o
    0x0800771a   0x0800771a   0x00000046   Code   RO         3982    i.gpio_output_options_set  gd32f4xx_gpio.o
    0x08007760   0x08007760   0x000001cc   Code   RO         7551    i.hide_conversion   data_dispose.o
    0x0800792c   0x0800792c   0x0000000c   Code   RO         4080    i.i2c_ack_config    gd32f4xx_i2c.o
    0x08007938   0x08007938   0x000000c4   Code   RO         4084    i.i2c_clock_config  gd32f4xx_i2c.o
    0x080079fc   0x080079fc   0x00000058   Code   RO         4087    i.i2c_deinit        gd32f4xx_i2c.o
    0x08007a54   0x08007a54   0x0000000c   Code   RO         4090    i.i2c_dma_config    gd32f4xx_i2c.o
    0x08007a60   0x08007a60   0x0000000a   Code   RO         4094    i.i2c_enable        gd32f4xx_i2c.o
    0x08007a6a   0x08007a6a   0x00000022   Code   RO         4095    i.i2c_flag_clear    gd32f4xx_i2c.o
    0x08007a8c   0x08007a8c   0x0000001a   Code   RO         4096    i.i2c_flag_get      gd32f4xx_i2c.o
    0x08007aa6   0x08007aa6   0x00000012   Code   RO         4101    i.i2c_master_addressing  gd32f4xx_i2c.o
    0x08007ab8   0x08007ab8   0x00000016   Code   RO         4102    i.i2c_mode_addr_config  gd32f4xx_i2c.o
    0x08007ace   0x08007ace   0x0000000a   Code   RO         4115    i.i2c_start_on_bus  gd32f4xx_i2c.o
    0x08007ad8   0x08007ad8   0x0000000a   Code   RO         4116    i.i2c_stop_on_bus   gd32f4xx_i2c.o
    0x08007ae2   0x08007ae2   0x00000002   PAD
    0x08007ae4   0x08007ae4   0x00000058   Code   RO         7930    i.init_cycle_counter  perf_counter.o
    0x08007b3c   0x08007b3c   0x00000046   Code   RO         7450    i.is_valid_float    config_manager.o
    0x08007b82   0x08007b82   0x00000002   PAD
    0x08007b84   0x08007b84   0x00000078   Code   RO         7192    i.led_disp          led_app.o
    0x08007bfc   0x08007bfc   0x0000000c   Code   RO         7193    i.led_task          led_app.o
    0x08007c08   0x08007c08   0x00000010   Code   RO         7451    i.limit_set         config_manager.o
    0x08007c18   0x08007c18   0x00000144   Code   RO         7609    i.log_init          data_memory.o
    0x08007d5c   0x08007d5c   0x000000d8   Code   RO         7611    i.log_write         data_memory.o
    0x08007e34   0x08007e34   0x0000005a   Code   RO          231    i.main              main.o
    0x08007e8e   0x08007e8e   0x0000001a   Code   RO         1161    i.mem_cmp           ff.o
    0x08007ea8   0x08007ea8   0x00000012   Code   RO         1162    i.mem_cpy           ff.o
    0x08007eba   0x08007eba   0x00000010   Code   RO         1163    i.mem_set           ff.o
    0x08007eca   0x08007eca   0x0000006e   Code   RO         1164    i.move_window       ff.o
    0x08007f38   0x08007f38   0x00000058   Code   RO         7369    i.my_printf         usart_app.o
    0x08007f90   0x08007f90   0x0000009c   Code   RO         4561    i.nvic_irq_enable   gd32f4xx_misc.o
    0x0800802c   0x0800802c   0x00000014   Code   RO         4562    i.nvic_priority_group_set  gd32f4xx_misc.o
    0x08008040   0x08008040   0x00000034   Code   RO         7225    i.oled_printf       oled_app.o
    0x08008074   0x08008074   0x00000002   Code   RO         7226    i.oled_task         oled_app.o
    0x08008076   0x08008076   0x00000002   PAD
    0x08008078   0x08008078   0x00000010   Code   RO         8153    i.perfc_port_clear_system_timer_ovf_pending  perfc_port_default.o
    0x08008088   0x08008088   0x00000012   Code   RO         8154    i.perfc_port_get_system_timer_elapsed  perfc_port_default.o
    0x0800809a   0x0800809a   0x00000002   PAD
    0x0800809c   0x0800809c   0x0000000c   Code   RO         8155    i.perfc_port_get_system_timer_freq  perfc_port_default.o
    0x080080a8   0x080080a8   0x0000000a   Code   RO         8156    i.perfc_port_get_system_timer_top  perfc_port_default.o
    0x080080b2   0x080080b2   0x00000032   Code   RO         8157    i.perfc_port_init_system_timer  perfc_port_default.o
    0x080080e4   0x080080e4   0x000000d8   Code   RO         7939    i.perfc_port_insert_to_system_timer_insert_ovf_handler  perf_counter.o
    0x080081bc   0x080081bc   0x00000010   Code   RO         8158    i.perfc_port_is_system_timer_ovf_pending  perfc_port_default.o
    0x080081cc   0x080081cc   0x00000010   Code   RO         4622    i.pmu_backup_write_enable  gd32f4xx_pmu.o
    0x080081dc   0x080081dc   0x000001bc   Code   RO         7515    i.process_sampling  sampling_control.o
    0x08008398   0x08008398   0x00000228   Code   RO         7148    i.prv_btn_event     btn_app.o
    0x080085c0   0x080085c0   0x000000a4   Code   RO         7149    i.prv_btn_get_state  btn_app.o
    0x08008664   0x08008664   0x0000004c   Code   RO          747    i.prv_get_combo_btn_by_key_id  ebtn.o
    0x080086b0   0x080086b0   0x000002a8   Code   RO          748    i.prv_process_btn   ebtn.o
    0x08008958   0x08008958   0x000000f6   Code   RO         1166    i.put_fat           ff.o
    0x08008a4e   0x08008a4e   0x00000002   PAD
    0x08008a50   0x08008a50   0x00000068   Code   RO          913    i.r1_error_check    sdio_sdcard.o
    0x08008ab8   0x08008ab8   0x0000008c   Code   RO          914    i.r1_error_type_check  sdio_sdcard.o
    0x08008b44   0x08008b44   0x00000044   Code   RO          915    i.r2_error_check    sdio_sdcard.o
    0x08008b88   0x08008b88   0x00000034   Code   RO          916    i.r3_error_check    sdio_sdcard.o
    0x08008bbc   0x08008bbc   0x00000080   Code   RO          917    i.r6_error_check    sdio_sdcard.o
    0x08008c3c   0x08008c3c   0x00000044   Code   RO          918    i.r7_error_check    sdio_sdcard.o
    0x08008c80   0x08008c80   0x00000010   Code   RO         7452    i.ratio_set         config_manager.o
    0x08008c90   0x08008c90   0x00000010   Code   RO         4766    i.rcu_all_reset_flag_clear  gd32f4xx_rcu.o
    0x08008ca0   0x08008ca0   0x000000e4   Code   RO         4774    i.rcu_clock_freq_get  gd32f4xx_rcu.o
    0x08008d84   0x08008d84   0x00000026   Code   RO          919    i.rcu_config        sdio_sdcard.o
    0x08008daa   0x08008daa   0x00000002   PAD
    0x08008dac   0x08008dac   0x00000024   Code   RO         4777    i.rcu_flag_get      gd32f4xx_rcu.o
    0x08008dd0   0x08008dd0   0x00000020   Code   RO         4790    i.rcu_osci_on       gd32f4xx_rcu.o
    0x08008df0   0x08008df0   0x00000138   Code   RO         4791    i.rcu_osci_stab_wait  gd32f4xx_rcu.o
    0x08008f28   0x08008f28   0x00000020   Code   RO         4793    i.rcu_periph_clock_enable  gd32f4xx_rcu.o
    0x08008f48   0x08008f48   0x00000020   Code   RO         4796    i.rcu_periph_reset_disable  gd32f4xx_rcu.o
    0x08008f68   0x08008f68   0x00000020   Code   RO         4797    i.rcu_periph_reset_enable  gd32f4xx_rcu.o
    0x08008f88   0x08008f88   0x00000014   Code   RO         4802    i.rcu_rtc_clock_config  gd32f4xx_rcu.o
    0x08008f9c   0x08008f9c   0x000000b8   Code   RO         7612    i.read_boot_count_from_flash  data_memory.o
    0x08009054   0x08009054   0x00000068   Code   RO         1167    i.remove_chain      ff.o
    0x080090bc   0x080090bc   0x00000060   Code   RO         5078    i.rtc_current_time_get  gd32f4xx_rtc.o
    0x0800911c   0x0800911c   0x0000009c   Code   RO         5083    i.rtc_init          gd32f4xx_rtc.o
    0x080091b8   0x080091b8   0x0000003c   Code   RO         5084    i.rtc_init_mode_enter  gd32f4xx_rtc.o
    0x080091f4   0x080091f4   0x00000010   Code   RO         5085    i.rtc_init_mode_exit  gd32f4xx_rtc.o
    0x08009204   0x08009204   0x00000050   Code   RO         5090    i.rtc_register_sync_wait  gd32f4xx_rtc.o
    0x08009254   0x08009254   0x0000000c   Code   RO         7263    i.rtc_task          rtc_app.o
    0x08009260   0x08009260   0x000000f8   Code   RO         7552    i.rtc_to_unix_timestamp  data_dispose.o
    0x08009358   0x08009358   0x00000118   Code   RO         7516    i.sampling_start_stop  sampling_control.o
    0x08009470   0x08009470   0x00000078   Code   RO         7613    i.save_boot_count_to_flash  data_memory.o
    0x080094e8   0x080094e8   0x0000017c   Code   RO         7614    i.save_hidedata     data_memory.o
    0x08009664   0x08009664   0x00000168   Code   RO         7615    i.save_overlimit_data  data_memory.o
    0x080097cc   0x080097cc   0x00000150   Code   RO         7616    i.save_sample_data  data_memory.o
    0x0800991c   0x0800991c   0x0000000c   Code   RO         7288    i.scheduler_init    scheduler.o
    0x08009928   0x08009928   0x0000003c   Code   RO         7289    i.scheduler_run     scheduler.o
    0x08009964   0x08009964   0x000001e0   Code   RO          920    i.sd_block_read     sdio_sdcard.o
    0x08009b44   0x08009b44   0x0000028c   Code   RO          921    i.sd_block_write    sdio_sdcard.o
    0x08009dd0   0x08009dd0   0x00000088   Code   RO          922    i.sd_bus_mode_config  sdio_sdcard.o
    0x08009e58   0x08009e58   0x000000cc   Code   RO          923    i.sd_bus_width_config  sdio_sdcard.o
    0x08009f24   0x08009f24   0x0000006c   Code   RO          924    i.sd_card_capacity_get  sdio_sdcard.o
    0x08009f90   0x08009f90   0x00000200   Code   RO          925    i.sd_card_information_get  sdio_sdcard.o
    0x0800a190   0x0800a190   0x000000f4   Code   RO          926    i.sd_card_init      sdio_sdcard.o
    0x0800a284   0x0800a284   0x00000020   Code   RO          927    i.sd_card_select_deselect  sdio_sdcard.o
    0x0800a2a4   0x0800a2a4   0x000000a8   Code   RO          928    i.sd_card_state_get  sdio_sdcard.o
    0x0800a34c   0x0800a34c   0x00000044   Code   RO          929    i.sd_cardstatus_get  sdio_sdcard.o
    0x0800a390   0x0800a390   0x00000014   Code   RO          930    i.sd_datablocksize_get  sdio_sdcard.o
    0x0800a3a4   0x0800a3a4   0x0000000a   Code   RO         7323    i.sd_fatfs_init     sd_app.o
    0x0800a3ae   0x0800a3ae   0x0000003e   Code   RO          932    i.sd_init           sdio_sdcard.o
    0x0800a3ec   0x0800a3ec   0x000000e8   Code   RO          933    i.sd_interrupts_process  sdio_sdcard.o
    0x0800a4d4   0x0800a4d4   0x0000024c   Code   RO          935    i.sd_multiblocks_read  sdio_sdcard.o
    0x0800a720   0x0800a720   0x000002f0   Code   RO          936    i.sd_multiblocks_write  sdio_sdcard.o
    0x0800aa10   0x0800aa10   0x00000118   Code   RO          938    i.sd_power_on       sdio_sdcard.o
    0x0800ab28   0x0800ab28   0x00000154   Code   RO          939    i.sd_scr_get        sdio_sdcard.o
    0x0800ac7c   0x0800ac7c   0x0000001c   Code   RO          941    i.sd_transfer_mode_config  sdio_sdcard.o
    0x0800ac98   0x0800ac98   0x00000020   Code   RO          943    i.sd_transfer_stop  sdio_sdcard.o
    0x0800acb8   0x0800acb8   0x00000018   Code   RO         5335    i.sdio_bus_mode_set  gd32f4xx_sdio.o
    0x0800acd0   0x0800acd0   0x0000002c   Code   RO         5342    i.sdio_clock_config  gd32f4xx_sdio.o
    0x0800acfc   0x0800acfc   0x00000010   Code   RO         5344    i.sdio_clock_enable  gd32f4xx_sdio.o
    0x0800ad0c   0x0800ad0c   0x0000000c   Code   RO         5345    i.sdio_command_index_get  gd32f4xx_sdio.o
    0x0800ad18   0x0800ad18   0x00000028   Code   RO         5346    i.sdio_command_response_config  gd32f4xx_sdio.o
    0x0800ad40   0x0800ad40   0x00000010   Code   RO         5348    i.sdio_csm_enable   gd32f4xx_sdio.o
    0x0800ad50   0x0800ad50   0x00000030   Code   RO         5349    i.sdio_data_config  gd32f4xx_sdio.o
    0x0800ad80   0x0800ad80   0x0000000c   Code   RO         5351    i.sdio_data_read    gd32f4xx_sdio.o
    0x0800ad8c   0x0800ad8c   0x00000014   Code   RO         5352    i.sdio_data_transfer_config  gd32f4xx_sdio.o
    0x0800ada0   0x0800ada0   0x0000000c   Code   RO         5353    i.sdio_data_write   gd32f4xx_sdio.o
    0x0800adac   0x0800adac   0x00000016   Code   RO         5354    i.sdio_deinit       gd32f4xx_sdio.o
    0x0800adc2   0x0800adc2   0x00000002   PAD
    0x0800adc4   0x0800adc4   0x00000010   Code   RO         5355    i.sdio_dma_disable  gd32f4xx_sdio.o
    0x0800add4   0x0800add4   0x00000010   Code   RO         5356    i.sdio_dma_enable   gd32f4xx_sdio.o
    0x0800ade4   0x0800ade4   0x00000010   Code   RO         5357    i.sdio_dsm_disable  gd32f4xx_sdio.o
    0x0800adf4   0x0800adf4   0x00000010   Code   RO         5358    i.sdio_dsm_enable   gd32f4xx_sdio.o
    0x0800ae04   0x0800ae04   0x0000000c   Code   RO         5360    i.sdio_flag_clear   gd32f4xx_sdio.o
    0x0800ae10   0x0800ae10   0x00000014   Code   RO         5361    i.sdio_flag_get     gd32f4xx_sdio.o
    0x0800ae24   0x0800ae24   0x00000010   Code   RO         5362    i.sdio_hardware_clock_disable  gd32f4xx_sdio.o
    0x0800ae34   0x0800ae34   0x00000010   Code   RO         5364    i.sdio_interrupt_disable  gd32f4xx_sdio.o
    0x0800ae44   0x0800ae44   0x00000010   Code   RO         5365    i.sdio_interrupt_enable  gd32f4xx_sdio.o
    0x0800ae54   0x0800ae54   0x0000000c   Code   RO         5366    i.sdio_interrupt_flag_clear  gd32f4xx_sdio.o
    0x0800ae60   0x0800ae60   0x00000014   Code   RO         5367    i.sdio_interrupt_flag_get  gd32f4xx_sdio.o
    0x0800ae74   0x0800ae74   0x0000000c   Code   RO         5370    i.sdio_power_state_get  gd32f4xx_sdio.o
    0x0800ae80   0x0800ae80   0x0000000c   Code   RO         5371    i.sdio_power_state_set  gd32f4xx_sdio.o
    0x0800ae8c   0x0800ae8c   0x00000038   Code   RO         5375    i.sdio_response_get  gd32f4xx_sdio.o
    0x0800aec4   0x0800aec4   0x00000018   Code   RO         5380    i.sdio_wait_type_set  gd32f4xx_sdio.o
    0x0800aedc   0x0800aedc   0x00000018   Code   RO         5643    i.spi_dma_disable   gd32f4xx_spi.o
    0x0800aef4   0x0800aef4   0x00000018   Code   RO         5644    i.spi_dma_enable    gd32f4xx_spi.o
    0x0800af0c   0x0800af0c   0x0000000a   Code   RO         5645    i.spi_enable        gd32f4xx_spi.o
    0x0800af16   0x0800af16   0x00000002   PAD
    0x0800af18   0x0800af18   0x00000058   Code   RO          487    i.spi_flash_buffer_read  gd25qxx.o
    0x0800af70   0x0800af70   0x000000d4   Code   RO          488    i.spi_flash_buffer_write  gd25qxx.o
    0x0800b044   0x0800b044   0x00000020   Code   RO          490    i.spi_flash_init    gd25qxx.o
    0x0800b064   0x0800b064   0x00000060   Code   RO          491    i.spi_flash_page_write  gd25qxx.o
    0x0800b0c4   0x0800b0c4   0x0000004c   Code   RO          492    i.spi_flash_read_id  gd25qxx.o
    0x0800b110   0x0800b110   0x00000048   Code   RO          493    i.spi_flash_sector_erase  gd25qxx.o
    0x0800b158   0x0800b158   0x000000e4   Code   RO          494    i.spi_flash_send_byte_dma  gd25qxx.o
    0x0800b23c   0x0800b23c   0x00000030   Code   RO          499    i.spi_flash_wait_for_write_end  gd25qxx.o
    0x0800b26c   0x0800b26c   0x00000028   Code   RO          500    i.spi_flash_write_enable  gd25qxx.o
    0x0800b294   0x0800b294   0x0000002e   Code   RO         5655    i.spi_init          gd32f4xx_spi.o
    0x0800b2c2   0x0800b2c2   0x00000002   PAD
    0x0800b2c4   0x0800b2c4   0x00000080   Code   RO         7453    i.str_to_float      config_manager.o
    0x0800b344   0x0800b344   0x0000001a   Code   RO         1168    i.sum_sfn           ff.o
    0x0800b35e   0x0800b35e   0x000000bc   Code   RO         1169    i.sync              ff.o
    0x0800b41a   0x0800b41a   0x00000002   PAD
    0x0800b41c   0x0800b41c   0x000000b8   Code   RO         7068    i.system_clock_240m_25m_hxtal  system_gd32f4xx.o
    0x0800b4d4   0x0800b4d4   0x00000004   Code   RO         7069    i.system_clock_config  system_gd32f4xx.o
    0x0800b4d8   0x0800b4d8   0x00000088   Code   RO         7404    i.system_init       system_function.o
    0x0800b560   0x0800b560   0x000001d0   Code   RO         7405    i.system_selftest   system_function.o
    0x0800b730   0x0800b730   0x0000004c   Code   RO          351    i.systick_config    systick.o
    0x0800b77c   0x0800b77c   0x000002e0   Code   RO          501    i.test_spi_flash    gd25qxx.o
    0x0800ba5c   0x0800ba5c   0x0000037c   Code   RO         7406    i.time_config       system_function.o
    0x0800bdd8   0x0800bdd8   0x00000048   Code   RO          405    i.timer5_config     mcu_cmic_gd32f470vet6.o
    0x0800be20   0x0800be20   0x00000188   Code   RO         5985    i.timer_deinit      gd32f4xx_timer.o
    0x0800bfa8   0x0800bfa8   0x0000000a   Code   RO         5990    i.timer_enable      gd32f4xx_timer.o
    0x0800bfb2   0x0800bfb2   0x00000002   PAD
    0x0800bfb4   0x0800bfb4   0x00000094   Code   RO         6000    i.timer_init        gd32f4xx_timer.o
    0x0800c048   0x0800c048   0x00000010   Code   RO         6010    i.timer_master_output_trigger_source_select  gd32f4xx_timer.o
    0x0800c058   0x0800c058   0x00000014   Code   RO         6020    i.timer_struct_para_init  gd32f4xx_timer.o
    0x0800c06c   0x0800c06c   0x00000058   Code   RO         7370    i.uart_task         usart_app.o
    0x0800c0c4   0x0800c0c4   0x00000058   Code   RO         7943    i.update_perf_counter  perf_counter.o
    0x0800c11c   0x0800c11c   0x000000b8   Code   RO         6650    i.usart_baudrate_set  gd32f4xx_usart.o
    0x0800c1d4   0x0800c1d4   0x00000008   Code   RO         6654    i.usart_data_receive  gd32f4xx_usart.o
    0x0800c1dc   0x0800c1dc   0x00000008   Code   RO         6655    i.usart_data_transmit  gd32f4xx_usart.o
    0x0800c1e4   0x0800c1e4   0x000000e0   Code   RO         6656    i.usart_deinit      gd32f4xx_usart.o
    0x0800c2c4   0x0800c2c4   0x00000014   Code   RO         6658    i.usart_dma_receive_config  gd32f4xx_usart.o
    0x0800c2d8   0x0800c2d8   0x0000000a   Code   RO         6660    i.usart_enable      gd32f4xx_usart.o
    0x0800c2e2   0x0800c2e2   0x0000001a   Code   RO         6662    i.usart_flag_get    gd32f4xx_usart.o
    0x0800c2fc   0x0800c2fc   0x00000014   Code   RO         6670    i.usart_interrupt_enable  gd32f4xx_usart.o
    0x0800c310   0x0800c310   0x00000032   Code   RO         6672    i.usart_interrupt_flag_get  gd32f4xx_usart.o
    0x0800c342   0x0800c342   0x0000000c   Code   RO         6687    i.usart_receive_config  gd32f4xx_usart.o
    0x0800c34e   0x0800c34e   0x0000000c   Code   RO         6702    i.usart_transmit_config  gd32f4xx_usart.o
    0x0800c35a   0x0800c35a   0x00000026   Code   RO         1170    i.validate          ff.o
    0x0800c380   0x0800c380   0x0000007c   Code   RO         7617    i.write_hidedata    data_memory.o
    0x0800c3fc   0x0800c3fc   0x00000090   Code   RO         7618    i.write_log_data    data_memory.o
    0x0800c48c   0x0800c48c   0x00000084   Code   RO         7619    i.write_overlimit_data  data_memory.o
    0x0800c510   0x0800c510   0x00000080   Code   RO         7620    i.write_sample_data  data_memory.o
    0x0800c590   0x0800c590   0x0000002c   Code   RO         8519    locale$$code        c_w.l(lc_numeric_c.o)
    0x0800c5bc   0x0800c5bc   0x0000002c   Code   RO         8595    locale$$code        c_w.l(lc_ctype_c.o)
    0x0800c5e8   0x0800c5e8   0x00000062   Code   RO         8574    x$fpl$d2f           fz_wm.l(d2f.o)
    0x0800c64a   0x0800c64a   0x00000002   PAD
    0x0800c64c   0x0800c64c   0x00000010   Code   RO         8681    x$fpl$dcheck1       fz_wm.l(dcheck1.o)
    0x0800c65c   0x0800c65c   0x00000018   Code   RO         8605    x$fpl$dcmpinf       fz_wm.l(dcmpi.o)
    0x0800c674   0x0800c674   0x00000078   Code   RO         8576    x$fpl$deqf          fz_wm.l(deqf.o)
    0x0800c6ec   0x0800c6ec   0x00000078   Code   RO         8607    x$fpl$dleqf         fz_wm.l(dleqf.o)
    0x0800c764   0x0800c764   0x00000154   Code   RO         8609    x$fpl$dmul          fz_wm.l(dmul.o)
    0x0800c8b8   0x0800c8b8   0x0000009c   Code   RO         8611    x$fpl$dnaninf       fz_wm.l(dnaninf.o)
    0x0800c954   0x0800c954   0x0000000c   Code   RO         8436    x$fpl$dretinf       fz_wm.l(dretinf.o)
    0x0800c960   0x0800c960   0x0000006c   Code   RO         8578    x$fpl$drleqf        fz_wm.l(drleqf.o)
    0x0800c9cc   0x0800c9cc   0x00000056   Code   RO         8329    x$fpl$f2d           fz_wm.l(f2d.o)
    0x0800ca22   0x0800ca22   0x0000008c   Code   RO         8438    x$fpl$fnaninf       fz_wm.l(fnaninf.o)
    0x0800caae   0x0800caae   0x0000000a   Code   RO         8527    x$fpl$fpinit        fz_wm.l(fpinit.o)
    0x0800cab8   0x0800cab8   0x0000000a   Code   RO         8613    x$fpl$fretinf       fz_wm.l(fretinf.o)
    0x0800cac2   0x0800cac2   0x00000006   Code   RO         8529    x$fpl$ieeestatus    fz_wm.l(istatus.o)
    0x0800cac8   0x0800cac8   0x00000004   Code   RO         8331    x$fpl$printf1       fz_wm.l(printf1.o)
    0x0800cacc   0x0800cacc   0x00000004   Code   RO         8440    x$fpl$printf2       fz_wm.l(printf2.o)
    0x0800cad0   0x0800cad0   0x00000064   Code   RO         8707    x$fpl$retnan        fz_wm.l(retnan.o)
    0x0800cb34   0x0800cb34   0x0000005c   Code   RO         8649    x$fpl$scalbn        fz_wm.l(scalbn.o)
    0x0800cb90   0x0800cb90   0x00000004   Code   RO         8333    x$fpl$scanf1        fz_wm.l(scanf1.o)
    0x0800cb94   0x0800cb94   0x00000008   Code   RO         8531    x$fpl$scanf2        fz_wm.l(scanf2.o)
    0x0800cb9c   0x0800cb9c   0x00000030   Code   RO         8723    x$fpl$trapveneer    fz_wm.l(trapv.o)
    0x0800cbcc   0x0800cbcc   0x00000000   Code   RO         8446    x$fpl$usenofp       fz_wm.l(usenofp.o)
    0x0800cbcc   0x0800cbcc   0x00000a98   Data   RO          613    .constdata          oled.o
    0x0800d664   0x0800d664   0x0000000d   Data   RO         1171    .constdata          ff.o
    0x0800d671   0x0800d671   0x00000001   PAD
    0x0800d672   0x0800d672   0x00000178   Data   RO         1441    .constdata          unicode.o
    0x0800d7ea   0x0800d7ea   0x0000000e   Data   RO         7150    .constdata          btn_app.o
    0x0800d7f8   0x0800d7f8   0x00000020   Data   RO         7455    .constdata          config_manager.o
    0x0800d818   0x0800d818   0x00000028   Data   RO         8261    .constdata          c_w.l(_printf_hex_int_ll_ptr.o)
    0x0800d840   0x0800d840   0x00000011   Data   RO         8281    .constdata          c_w.l(__printf_flags_ss_wp.o)
    0x0800d851   0x0800d851   0x00000003   PAD
    0x0800d854   0x0800d854   0x00000008   Data   RO         8355    .constdata          c_w.l(_printf_wctomb.o)
    0x0800d85c   0x0800d85c   0x00000026   Data   RO         8481    .constdata          c_w.l(_printf_fp_hex.o)
    0x0800d882   0x0800d882   0x00000002   PAD
    0x0800d884   0x0800d884   0x00000094   Data   RO         8492    .constdata          c_w.l(bigflt0.o)
    0x0800d918   0x0800d918   0x00000020   Data   RO         8725    Region$$Table       anon$$obj.o
    0x0800d938   0x0800d938   0x00000008   Data   RO         8523    c$$dinf             fz_wm.l(fpconst.o)
    0x0800d940   0x0800d940   0x00000008   Data   RO         8526    c$$dmax             fz_wm.l(fpconst.o)
    0x0800d948   0x0800d948   0x0000001c   Data   RO         8518    locale$$data        c_w.l(lc_numeric_c.o)
    0x0800d964   0x0800d964   0x00000110   Data   RO         8594    locale$$data        c_w.l(lc_ctype_c.o)
    0x0800da74   0x0800da74   0x00000004   Data   RO         7945    .init_array         perf_counter.o
    0x0800da78   0x0800da74   0x00000000   Data   RO         8324    .init_array         c_w.l(init_aeabi.o)


    Execution Region RW_IRAM1 (Exec base: 0x20000000, Load base: 0x0800da78, Size: 0x00001bd0, Max: 0x00030000, ABSOLUTE, COMPRESSED[0x0000007c])

    Exec Addr    Load Addr    Size         Type   Attr      Idx    E Section Name        Object

    0x20000000   COMPRESSED   0x00000004   Data   RW          352    .data               systick.o
    0x20000004   COMPRESSED   0x00000002   Data   RW          410    .data               mcu_cmic_gd32f470vet6.o
    0x20000006   COMPRESSED   0x00000002   PAD
    0x20000008   COMPRESSED   0x00000014   Data   RW          411    .data               mcu_cmic_gd32f470vet6.o
    0x2000001c   COMPRESSED   0x00000016   Data   RW          614    .data               oled.o
    0x20000032   COMPRESSED   0x00000002   PAD
    0x20000034   COMPRESSED   0x00000020   Data   RW          945    .data               sdio_sdcard.o
    0x20000054   COMPRESSED   0x00000008   Data   RW         1172    .data               ff.o
    0x2000005c   COMPRESSED   0x00000004   Data   RW         7070    .data               system_gd32f4xx.o
    0x20000060   COMPRESSED   0x000000c4   Data   RW         7151    .data               btn_app.o
    0x20000124   COMPRESSED   0x00000007   Data   RW         7194    .data               led_app.o
    0x2000012b   COMPRESSED   0x00000001   PAD
    0x2000012c   COMPRESSED   0x0000004c   Data   RW         7290    .data               scheduler.o
    0x20000178   COMPRESSED   0x00000004   Data   RW         7372    .data               usart_app.o
    0x2000017c   COMPRESSED   0x00000008   Data   RW         7456    .data               config_manager.o
    0x20000184   COMPRESSED   0x0000000c   Data   RW         7517    .data               sampling_control.o
    0x20000190   COMPRESSED   0x00000001   Data   RW         7553    .data               data_dispose.o
    0x20000191   COMPRESSED   0x00000003   PAD
    0x20000194   COMPRESSED   0x00000014   Data   RW         7622    .data               data_memory.o
    0x200001a8   COMPRESSED   0x00000050   Data   RW         7944    .data               perf_counter.o
    0x200001f8        -       0x0000000c   Zero   RW          406    .bss                mcu_cmic_gd32f470vet6.o
    0x20000204        -       0x0000000c   Zero   RW          407    .bss                mcu_cmic_gd32f470vet6.o
    0x20000210        -       0x00000214   Zero   RW          408    .bss                mcu_cmic_gd32f470vet6.o
    0x20000424        -       0x0000003c   Zero   RW          749    .bss                ebtn.o
    0x20000460        -       0x00000020   Zero   RW          944    .bss                sdio_sdcard.o
    0x20000480        -       0x00000200   Zero   RW         7371    .bss                usart_app.o
    0x20000680        -       0x00000230   Zero   RW         7454    .bss                config_manager.o
    0x200008b0        -       0x00000ac0   Zero   RW         7621    .bss                data_memory.o
    0x20001370        -       0x00000060   Zero   RW         8548    .bss                c_w.l(libspace.o)
    0x200013d0        -       0x00000400   Zero   RW         7055    HEAP                startup_gd32f450_470.o
    0x200017d0        -       0x00000400   Zero   RW         7054    STACK               startup_gd32f450_470.o


==============================================================================

Image component sizes


      Code (inc. data)   RO Data    RW Data    ZI Data      Debug   Object Name

        20          8          0          0          0        455   adc_app.o
       766        368         14        196          0       3763   btn_app.o
      2210        678         32          8        560       8180   config_manager.o
       786        230          0          1          0       3917   data_dispose.o
      5242       2888          0         20       2752      18481   data_memory.o
       252          0          0          0          0       4840   diskio.o
      1702         24          0          0         60      20718   ebtn.o
      5840         50         13          8          0      31410   ff.o
      1628        538          0          0          0       8162   gd25qxx.o
       522         12          0          0          0       8270   gd32f4xx_adc.o
       204          6          0          0          0       3747   gd32f4xx_dac.o
       702         10          0          0          0      10092   gd32f4xx_dma.o
       264          0          0          0          0       4121   gd32f4xx_gpio.o
       438         18          0          0          0       7055   gd32f4xx_i2c.o
       148         24          0          0          0     100689   gd32f4xx_it.o
       176         16          0          0          0       1412   gd32f4xx_misc.o
        16          4          0          0          0        502   gd32f4xx_pmu.o
       740         74          0          0          0       7052   gd32f4xx_rcu.o
       408         26          0          0          0       4114   gd32f4xx_rtc.o
       546        128          0          0          0      14682   gd32f4xx_sdio.o
       104          0          0          0          0       2915   gd32f4xx_spi.o
       586         40          0          0          0       3916   gd32f4xx_timer.o
       574         18          0          0          0       7281   gd32f4xx_usart.o
       132         20          0          7          0       1710   led_app.o
        90          0          0          0          0      11615   main.o
      1556        122          0         22        556       8082   mcu_cmic_gd32f470vet6.o
      1136         52       2712         22          0       6808   oled.o
        54          0          0          0          0       1778   oled_app.o
       660         36          4         80          0      26074   perf_counter.o
       122         18          0          0          0       6189   perfc_port_default.o
        12          6          0          0          0        451   rtc_app.o
       724        292          0         12          0       2512   sampling_control.o
        72          8          0         76          0       1796   scheduler.o
        10          0          0          0          0        460   sd_app.o
      6048        236          0         32         32      34983   sdio_sdcard.o
        64         26        428          0       2048        896   startup_gd32f450_470.o
      1772        800          0          0          0       3642   system_function.o
       514         30          0          4          0       4503   system_gd32f4xx.o
       144         14          0          4          0      32862   systick.o
        32         10          0          0          0        556   systick_wrapper_ual.o
        74          6        376          0          0       1651   unicode.o
       176         12          0          4        512       2007   usart_app.o

    ----------------------------------------------------------------------
     37308       6848       3612        504       6520     424349   Object Totals
         0          0         32          0          0          0   (incl. Generated)
        42          0          1          8          0          0   (incl. Padding)

    ----------------------------------------------------------------------

      Code (inc. data)   RO Data    RW Data    ZI Data      Debug   Library Member Name

        60          8          0          0          0         84   __0sscanf.o
        44          6          0          0          0         84   __2sprintf.o
        90          0          0          0          0          0   __dczerorl2.o
         8          0          0          0          0         68   __main.o
       392          4         17          0          0         92   __printf_flags_ss_wp.o
        14          0          0          0          0         68   __printf_wp.o
         0          0          0          0          0          0   __rtentry.o
        12          0          0          0          0          0   __rtentry2.o
         6          0          0          0          0          0   __rtentry4.o
        52          8          0          0          0          0   __scatter.o
        28          0          0          0          0          0   __scatter_zi.o
        28          0          0          0          0         68   _chval.o
         6          0          0          0          0          0   _printf_a.o
         6          0          0          0          0          0   _printf_c.o
        44          0          0          0          0        108   _printf_char.o
        48          6          0          0          0         96   _printf_char_common.o
        40          0          0          0          0         68   _printf_charcount.o
         6          0          0          0          0          0   _printf_d.o
       120         16          0          0          0         92   _printf_dec.o
         6          0          0          0          0          0   _printf_e.o
         6          0          0          0          0          0   _printf_f.o
      1054          0          0          0          0        216   _printf_fp_dec.o
       764          8         38          0          0        100   _printf_fp_hex.o
       128         16          0          0          0         84   _printf_fp_infnan.o
         6          0          0          0          0          0   _printf_g.o
       148          4         40          0          0        160   _printf_hex_int_ll_ptr.o
         6          0          0          0          0          0   _printf_i.o
       178          0          0          0          0         88   _printf_intcommon.o
        10          0          0          0          0          0   _printf_l.o
         6          0          0          0          0          0   _printf_lc.o
        10          0          0          0          0          0   _printf_ll.o
         6          0          0          0          0          0   _printf_lld.o
         6          0          0          0          0          0   _printf_lli.o
         6          0          0          0          0          0   _printf_llo.o
         6          0          0          0          0          0   _printf_llu.o
         6          0          0          0          0          0   _printf_llx.o
       124         16          0          0          0         92   _printf_longlong_dec.o
         6          0          0          0          0          0   _printf_ls.o
         6          0          0          0          0          0   _printf_n.o
         6          0          0          0          0          0   _printf_o.o
       112         10          0          0          0        124   _printf_oct_int_ll.o
         6          0          0          0          0          0   _printf_p.o
        78          0          0          0          0        108   _printf_pad.o
         0          0          0          0          0          0   _printf_percent.o
         4          0          0          0          0          0   _printf_percent_end.o
         6          0          0          0          0          0   _printf_s.o
        82          0          0          0          0         80   _printf_str.o
        36          0          0          0          0         84   _printf_truncate.o
         6          0          0          0          0          0   _printf_u.o
        44          0          0          0          0        108   _printf_wchar.o
       188          6          8          0          0         92   _printf_wctomb.o
         6          0          0          0          0          0   _printf_x.o
        22          0          0          0          0        100   _rserrno.o
       884          6          0          0          0        100   _scanf.o
       332          0          0          0          0         96   _scanf_int.o
        64          0          0          0          0         84   _sgetc.o
        16          0          0          0          0         68   _snputc.o
        10          0          0          0          0         68   _sputc.o
        64          0          0          0          0         92   _wcrtomb.o
       228          4        148          0          0         96   bigflt0.o
      2152        136          0          0          0        960   btod.o
        18          0          0          0          0         80   exit.o
         6          0          0          0          0        152   heapauxi.o
         0          0          0          0          0          0   indicate_semi.o
        36         10          0          0          0         80   init_aeabi.o
        18          0          0          0          0         76   isspace.o
        44         10        272          0          0         76   lc_ctype_c.o
        44         10         28          0          0         76   lc_numeric_c.o
         2          0          0          0          0          0   libinit.o
        38          0          0          0          0          0   libinit2.o
         2          0          0          0          0          0   libshutdown.o
         2          0          0          0          0          0   libshutdown2.o
         8          4          0          0         96         68   libspace.o
        72          0          0          0          0         76   llsdiv.o
        38          0          0          0          0         68   llshl.o
       138          0          0          0          0         80   lludiv10.o
       238          0          0          0          0        100   lludivv7m.o
        88          0          0          0          0         76   memcmp.o
        16          4          0          0          0         76   rt_ctype_table.o
         8          4          0          0          0         68   rt_errno_addr_intlibspace.o
         8          4          0          0          0         68   rt_locale_intlibspace.o
        68          0          0          0          0         68   rt_memclr.o
        78          0          0          0          0         80   rt_memclr_w.o
       138          0          0          0          0         68   rt_memcpy_v6.o
       100          0          0          0          0         80   rt_memcpy_w.o
         2          0          0          0          0          0   rtexit.o
        10          0          0          0          0          0   rtexit2.o
        44          8          0          0          0         84   scanf_char.o
      1272         16          0          0          0        168   scanf_fp.o
       800         14          0          0          0        100   scanf_hexfp.o
       308         16          0          0          0        100   scanf_infnan.o
        24          0          0          0          0         68   strcat.o
        20          0          0          0          0         68   strchr.o
       128          0          0          0          0         68   strcmpv7m.o
        72          0          0          0          0         80   strcpy.o
        62          0          0          0          0         76   strlen.o
       150          0          0          0          0         80   strncmp.o
        86          0          0          0          0         76   strncpy.o
        12          4          0          0          0         68   sys_exit.o
        74          0          0          0          0         80   sys_stackheap_outer.o
         2          0          0          0          0         68   use_no_semi.o
        52          4          0          0          0         80   vsnprintf.o
        98          4          0          0          0        140   d2f.o
        16          4          0          0          0        116   dcheck1.o
        24          0          0          0          0        116   dcmpi.o
       120          4          0          0          0        140   deqf.o
       120          4          0          0          0        140   dleqf.o
       340         12          0          0          0        152   dmul.o
       156          4          0          0          0        140   dnaninf.o
        12          0          0          0          0        116   dretinf.o
       108          0          0          0          0        128   drleqf.o
        86          4          0          0          0        132   f2d.o
       140          4          0          0          0        132   fnaninf.o
         0          0         16          0          0          0   fpconst.o
        10          0          0          0          0        116   fpinit.o
        10          0          0          0          0        116   fretinf.o
         6          0          0          0          0        116   istatus.o
         4          0          0          0          0        116   printf1.o
         4          0          0          0          0        116   printf2.o
       100          0          0          0          0        116   retnan.o
        92          0          0          0          0        116   scalbn.o
         4          0          0          0          0        116   scanf1.o
         8          0          0          0          0        132   scanf2.o
        48          0          0          0          0        116   trapv.o
         0          0          0          0          0          0   usenofp.o
        64         16          0          0          0        248   dunder.o
        48          0          0          0          0        124   fpclassify.o
       140         22          0          0          0        132   frexp.o
       228          8          0          0          0        308   ldexp.o
       266         16          0          0          0        308   narrow.o

    ----------------------------------------------------------------------
     14436        464        572          0         96      10356   Library Totals
        20          0          5          0          0          0   (incl. Padding)

    ----------------------------------------------------------------------

      Code (inc. data)   RO Data    RW Data    ZI Data      Debug   Library Name

     12164        362        551          0         96       6608   c_w.l
      1506         40         16          0          0       2628   fz_wm.l
       746         62          0          0          0       1120   m_wm.l

    ----------------------------------------------------------------------
     14436        464        572          0         96      10356   Library Totals

    ----------------------------------------------------------------------

==============================================================================


      Code (inc. data)   RO Data    RW Data    ZI Data      Debug   

     51744       7312       4184        504       6616     396761   Grand Totals
     51744       7312       4184        124       6616     396761   ELF Image Totals (compressed)
     51744       7312       4184        124          0          0   ROM Totals

==============================================================================

    Total RO  Size (Code + RO Data)                55928 (  54.62kB)
    Total RW  Size (RW Data + ZI Data)              7120 (   6.95kB)
    Total ROM Size (Code + RO Data + RW Data)      56052 (  54.74kB)

==============================================================================

